################################################################################
#                                                                              #
#      IAR Universal Linker V6.5.1.95                                          #
#                                                                              #
#           Link time     =  21/Feb/2020  17:44:43                             #
#           Target CPU    =  MSP430                                            #
#           List file     =  C:\Git\msp430-uss-library\Library\src\examples\US #
#                            S_Water_Demo\IAR\LPM\List\MSP430FR6007EVM_USS_Wat #
#                            er_Demo_Devel.map                                 #
#           Output file 1 =  C:\Git\msp430-uss-library\Library\src\examples\US #
#                            S_Water_Demo\IAR\LPM\Exe\MSP430FR6007EVM_USS_Wate #
#                            r_Demo_Devel.txt                                  #
#                            Format: msp430_txt                                #
#           Output file 2 =  C:\Git\msp430-uss-library\Library\src\examples\US #
#                            S_Water_Demo\IAR\LPM\Exe\MSP430FR6007EVM_USS_Wate #
#                            r_Demo_Devel.d43                                  #
#                            Format: ubrof10                                   #
#                            UBROF version 10.0.6                              #
#                            Using library modules for C-SPY (-rt)             #
#           Command line  =  -f                                                #
#                            C:\Users\a0273442\AppData\Local\Temp\EW881B.tmp   #
#                            (C:\Git\msp430-uss-library\Library\src\examples\U #
#                            SS_Water_Demo\IAR\LPM\Obj\adc12_b.r43             #
#                            C:\Git\msp430-uss-library\Library\src\examples\US #
#                            S_Water_Demo\IAR\LPM\Obj\aes256.r43               #
#                            C:\Git\msp430-uss-library\Library\src\examples\US #
#                            S_Water_Demo\IAR\LPM\Obj\benchmarkussswLib.r43    #
#                            C:\Git\msp430-uss-library\Library\src\examples\US #
#                            S_Water_Demo\IAR\LPM\Obj\byte_queue.r43           #
#                            C:\Git\msp430-uss-library\Library\src\examples\US #
#                            S_Water_Demo\IAR\LPM\Obj\checksum.r43             #
#                            C:\Git\msp430-uss-library\Library\src\examples\US #
#                            S_Water_Demo\IAR\LPM\Obj\comm.r43                 #
#                            C:\Git\msp430-uss-library\Library\src\examples\US #
#                            S_Water_Demo\IAR\LPM\Obj\comm_config.r43          #
#                            C:\Git\msp430-uss-library\Library\src\examples\US #
#                            S_Water_Demo\IAR\LPM\Obj\comp_e.r43               #
#                            C:\Git\msp430-uss-library\Library\src\examples\US #
#                            S_Water_Demo\IAR\LPM\Obj\crc.r43                  #
#                            C:\Git\msp430-uss-library\Library\src\examples\US #
#                            S_Water_Demo\IAR\LPM\Obj\crc32.r43                #
#                            C:\Git\msp430-uss-library\Library\src\examples\US #
#                            S_Water_Demo\IAR\LPM\Obj\cs.r43                   #
#                            C:\Git\msp430-uss-library\Library\src\examples\US #
#                            S_Water_Demo\IAR\LPM\Obj\dma.r43                  #
#                            C:\Git\msp430-uss-library\Library\src\examples\US #
#                            S_Water_Demo\IAR\LPM\Obj\esi.r43                  #
#                            C:\Git\msp430-uss-library\Library\src\examples\US #
#                            S_Water_Demo\IAR\LPM\Obj\eusci_a_spi.r43          #
#                            C:\Git\msp430-uss-library\Library\src\examples\US #
#                            S_Water_Demo\IAR\LPM\Obj\eusci_a_uart.r43         #
#                            C:\Git\msp430-uss-library\Library\src\examples\US #
#                            S_Water_Demo\IAR\LPM\Obj\eusci_b_i2c.r43          #
#                            C:\Git\msp430-uss-library\Library\src\examples\US #
#                            S_Water_Demo\IAR\LPM\Obj\eusci_b_spi.r43          #
#                            C:\Git\msp430-uss-library\Library\src\examples\US #
#                            S_Water_Demo\IAR\LPM\Obj\framctl.r43              #
#                            C:\Git\msp430-uss-library\Library\src\examples\US #
#                            S_Water_Demo\IAR\LPM\Obj\framctl_a.r43            #
#                            C:\Git\msp430-uss-library\Library\src\examples\US #
#                            S_Water_Demo\IAR\LPM\Obj\gpio.r43                 #
#                            C:\Git\msp430-uss-library\Library\src\examples\US #
#                            S_Water_Demo\IAR\LPM\Obj\hal_adc.r43              #
#                            C:\Git\msp430-uss-library\Library\src\examples\US #
#                            S_Water_Demo\IAR\LPM\Obj\hal_lcd.r43              #
#                            C:\Git\msp430-uss-library\Library\src\examples\US #
#                            S_Water_Demo\IAR\LPM\Obj\hal_system.r43           #
#                            C:\Git\msp430-uss-library\Library\src\examples\US #
#                            S_Water_Demo\IAR\LPM\Obj\hal_uart.r43             #
#                            C:\Git\msp430-uss-library\Library\src\examples\US #
#                            S_Water_Demo\IAR\LPM\Obj\hmi.r43                  #
#                            C:\Git\msp430-uss-library\Library\src\examples\US #
#                            S_Water_Demo\IAR\LPM\Obj\hspll.r43                #
#                            C:\Git\msp430-uss-library\Library\src\examples\US #
#                            S_Water_Demo\IAR\LPM\Obj\i2cslave.r43             #
#                            C:\Git\msp430-uss-library\Library\src\lib\IQMathL #
#                            ibrary\libraries\IAR\MPY32\5xx_6xx\IQmathLib_IAR_ #
#                            MPY32_5xx_6xx_CPUX_large_code_large_data.lib      #
#                            C:\Git\msp430-uss-library\Library\src\examples\US #
#                            S_Water_Demo\IAR\LPM\Obj\lcd_c.r43                #
#                            C:\Git\msp430-uss-library\Library\src\examples\US #
#                            S_Water_Demo\IAR\LPM\Obj\lcd_statemachine.r43     #
#                            C:\Git\msp430-uss-library\Library\src\examples\US #
#                            S_Water_Demo\IAR\LPM\Obj\listener.r43             #
#                            C:\Git\msp430-uss-library\Library\src\examples\US #
#                            S_Water_Demo\IAR\LPM\Obj\main.r43                 #
#                            C:\Git\msp430-uss-library\Library\src\examples\US #
#                            S_Water_Demo\IAR\LPM\Obj\mathematics.r43          #
#                            C:\Git\msp430-uss-library\Library\src\examples\US #
#                            S_Water_Demo\IAR\LPM\Obj\mpu.r43                  #
#                            C:\Git\msp430-uss-library\Library\src\examples\US #
#                            S_Water_Demo\IAR\LPM\Obj\mpy32.r43                #
#                            C:\Git\msp430-uss-library\Library\src\examples\US #
#                            S_Water_Demo\IAR\LPM\Obj\mtif.r43                 #
#                            C:\Git\msp430-uss-library\Library\src\examples\US #
#                            S_Water_Demo\IAR\LPM\Obj\packet.r43               #
#                            C:\Git\msp430-uss-library\Library\src\examples\US #
#                            S_Water_Demo\IAR\LPM\Obj\ping_pong_buffer.r43     #
#                            C:\Git\msp430-uss-library\Library\src\examples\US #
#                            S_Water_Demo\IAR\LPM\Obj\pmm.r43                  #
#                            C:\Git\msp430-uss-library\Library\src\lib\IQMathL #
#                            ibrary\libraries\IAR\MPY32\5xx_6xx\QmathLib_IAR_M #
#                            PY32_5xx_6xx_CPUX_large_code_large_data.lib       #
#                            C:\Git\msp430-uss-library\Library\src\examples\US #
#                            S_Water_Demo\IAR\LPM\Obj\ram.r43                  #
#                            C:\Git\msp430-uss-library\Library\src\examples\US #
#                            S_Water_Demo\IAR\LPM\Obj\ref_a.r43                #
#                            C:\Git\msp430-uss-library\Library\src\examples\US #
#                            S_Water_Demo\IAR\LPM\Obj\results.r43              #
#                            C:\Git\msp430-uss-library\Library\src\examples\US #
#                            S_Water_Demo\IAR\LPM\Obj\rtc_b.r43                #
#                            C:\Git\msp430-uss-library\Library\src\examples\US #
#                            S_Water_Demo\IAR\LPM\Obj\rtc_c.r43                #
#                            C:\Git\msp430-uss-library\Library\src\examples\US #
#                            S_Water_Demo\IAR\LPM\Obj\saph.r43                 #
#                            C:\Git\msp430-uss-library\Library\src\examples\US #
#                            S_Water_Demo\IAR\LPM\Obj\sdhs.r43                 #
#                            C:\Git\msp430-uss-library\Library\src\examples\US #
#                            S_Water_Demo\IAR\LPM\Obj\sfr.r43                  #
#                            C:\Git\msp430-uss-library\Library\src\examples\US #
#                            S_Water_Demo\IAR\LPM\Obj\sysctl.r43               #
#                            C:\Git\msp430-uss-library\Library\src\examples\US #
#                            S_Water_Demo\IAR\LPM\Obj\system_pre_init.r43      #
#                            C:\Git\msp430-uss-library\Library\src\examples\US #
#                            S_Water_Demo\IAR\LPM\Obj\testing.r43              #
#                            C:\Git\msp430-uss-library\Library\src\examples\US #
#                            S_Water_Demo\IAR\LPM\Obj\timeout.r43              #
#                            C:\Git\msp430-uss-library\Library\src\examples\US #
#                            S_Water_Demo\IAR\LPM\Obj\timer_a.r43              #
#                            C:\Git\msp430-uss-library\Library\src\examples\US #
#                            S_Water_Demo\IAR\LPM\Obj\timer_b.r43              #
#                            C:\Git\msp430-uss-library\Library\src\examples\US #
#                            S_Water_Demo\IAR\LPM\Obj\tlv.r43                  #
#                            C:\Git\msp430-uss-library\Library\src\examples\US #
#                            S_Water_Demo\IAR\LPM\Obj\uart.r43                 #
#                            C:\Git\msp430-uss-library\Library\src\examples\US #
#                            S_Water_Demo\IAR\LPM\Obj\USS_App_userConfig.r43   #
#                            C:\Git\msp430-uss-library\Library\src\examples\US #
#                            S_Water_Demo\IAR\LPM\Obj\USS_Lib_HAL.r43          #
#                            C:\Git\msp430-uss-library\Library\src\lib\USS_opt #
#                            imized\Lobe\IAR\USS_SW_IAR_large_code_large_data. #
#                            lib                                               #
#                            C:\Git\msp430-uss-library\Library\src\examples\US #
#                            S_Water_Demo\IAR\LPM\Obj\USS_userConfig.r43       #
#                            C:\Git\msp430-uss-library\Library\src\examples\US #
#                            S_Water_Demo\IAR\LPM\Obj\ussDCCommandHandlers.r43 #
#                            C:\Git\msp430-uss-library\Library\src\examples\US #
#                            S_Water_Demo\IAR\LPM\Obj\USSLibGUIApp.r43         #
#                            C:\Git\msp430-uss-library\Library\src\examples\US #
#                            S_Water_Demo\IAR\LPM\Obj\ussSwLibAlgorithm.r43    #
#                            C:\Git\msp430-uss-library\Library\src\examples\US #
#                            S_Water_Demo\IAR\LPM\Obj\ussSwLibAppDebug.r43     #
#                            C:\Git\msp430-uss-library\Library\src\examples\US #
#                            S_Water_Demo\IAR\LPM\Obj\ussSwLibCalibration.r43  #
#                            C:\Git\msp430-uss-library\Library\src\examples\US #
#                            S_Water_Demo\IAR\LPM\Obj\ussSwLibCommonHSPLL.r43  #
#                            C:\Git\msp430-uss-library\Library\src\examples\US #
#                            S_Water_Demo\IAR\LPM\Obj\ussSwLibCommonInterrupts #
#                            .r43                                              #
#                            C:\Git\msp430-uss-library\Library\src\examples\US #
#                            S_Water_Demo\IAR\LPM\Obj\ussSwLibCommonSAPH.r43   #
#                            C:\Git\msp430-uss-library\Library\src\examples\US #
#                            S_Water_Demo\IAR\LPM\Obj\ussSwLibCommonSDHS.r43   #
#                            C:\Git\msp430-uss-library\Library\src\examples\US #
#                            S_Water_Demo\IAR\LPM\Obj\ussSwLibCommonTimer.r43  #
#                            C:\Git\msp430-uss-library\Library\src\examples\US #
#                            S_Water_Demo\IAR\LPM\Obj\ussSwLibCommonUSS.r43    #
#                            C:\Git\msp430-uss-library\Library\src\examples\US #
#                            S_Water_Demo\IAR\LPM\Obj\ussSwLibConfiguration.r4 #
#                            3                                                 #
#                            C:\Git\msp430-uss-library\Library\src\examples\US #
#                            S_Water_Demo\IAR\LPM\Obj\ussSwLibISR.r43          #
#                            C:\Git\msp430-uss-library\Library\src\examples\US #
#                            S_Water_Demo\IAR\LPM\Obj\ussSwLibMeasurement.r43  #
#                            C:\Git\msp430-uss-library\Library\src\examples\US #
#                            S_Water_Demo\IAR\LPM\Obj\ussSwLibTemperature.r43  #
#                            C:\Git\msp430-uss-library\Library\src\examples\US #
#                            S_Water_Demo\IAR\LPM\Obj\ussSwLibVFRCalib.r43     #
#                            C:\Git\msp430-uss-library\Library\src\examples\US #
#                            S_Water_Demo\IAR\LPM\Obj\ussSwLibVFRCalibFlow.r43 #
#                            C:\Git\msp430-uss-library\Library\src\examples\US #
#                            S_Water_Demo\IAR\LPM\Obj\ussSwLibVFRCalibFlowTemp #
#                            erature.r43                                       #
#                            C:\Git\msp430-uss-library\Library\src\examples\US #
#                            S_Water_Demo\IAR\LPM\Obj\uups.r43                 #
#                            C:\Git\msp430-uss-library\Library\src\examples\US #
#                            S_Water_Demo\IAR\LPM\Obj\wdt_a.r43                #
#                            -o                                                #
#                            C:\Git\msp430-uss-library\Library\src\examples\US #
#                            S_Water_Demo\IAR\LPM\Exe\MSP430FR6007EVM_USS_Wate #
#                            r_Demo_Devel.d43                                  #
#                            -l                                                #
#                            C:\Git\msp430-uss-library\Library\src\examples\US #
#                            S_Water_Demo\IAR\LPM\List\MSP430FR6007EVM_USS_Wat #
#                            er_Demo_Devel.map                                 #
#                            -xms                                              #
#                            "-IC:\Program Files (x86)\IAR Systems\Embedded Wo #
#                            rkbench 8.0\430\LIB\"                             #
#                            -f                                                #
#                            C:\Git\msp430-uss-library\Library\src\examples\US #
#                            S_Water_Demo\IAR\lnk430fr6047.xcl                 #
#                            (-cmsp430 -QCODE_I=CODE_ID -QTLS16_I=TLS16_ID     #
#                            -D__iar_HWMUL=4C0 -Z(DATA)TINYRAM=000A-001F       #
#                            -Z(DATA)LEARAM=2C00-3AC7                          #
#                            -Z(DATA)LEASTACK=3AC8-3BFF                        #
#                            -Z(DATA)DATA16_I,DATA16_Z,DATA16_N,TLS16_I=1C00-2 #
#                            BFF                                               #
#                            -Z(DATA)CODE_I                                    #
#                            -Z(DATA)DATA20_I,DATA20_Z,DATA20_N                #
#                            -Z(DATA)CSTACK+_STACK_SIZE#                       #
#                            -Z(CONST)DATA16_P,DATA20_P=4000-FF7F              #
#                            -Z(DATA)DATA16_HEAP+_DATA16_HEAP_SIZE             #
#                            -Z(DATA)DATA20_HEAP+_DATA20_HEAP_SIZE             #
#                            -Z(CONST)MPU_B1                                   #
#                            -Z(CONST)DATA16_C,DATA16_ID,TLS16_ID,DIFUNCT,CHEC #
#                            KSUM=4000-FF7F                                    #
#                            -Z(CONST)MPU_B2 -Z(CONST)IPE_B1=4000-FF7F         #
#                            -Z(DATA)IPEDATA16_N -Z(CODE)IPECODE16             #
#                            -Z(CONST)IPEDATA16_C,IPE_B2                       #
#                            -Z(CODE)CSTART,ISR_CODE,CODE16=4000-FF7F          #
#                            -P(CODE)CODE=4000-FF7F,10000-43FEF                #
#                            -Z(CODE)CODE_PAD                                  #
#                            -Z(CONST)DATA20_C,DATA20_ID,CODE_ID=4000-FF7F,100 #
#                            40-43FF7                                          #
#                            -Z(CONST)VERSION=43FF0-43FF7                      #
#                            -Z(CONST)LIB_VERSION=43FF8-43FFF                  #
#                            -Z(CONST)JTAGSIGNATURE=FF80-FF83                  #
#                            -Z(CONST)BSLSIGNATURE=FF84-FF87                   #
#                            -Z(CONST)IPESIGNATURE=FF88-FF8F                   #
#                            -Z(CODE)INTVEC=FF90-FFFF                          #
#                            -Z(CODE)RESET=FFFE-FFFF) -f                       #
#                            "C:\Program Files (x86)\IAR Systems\Embedded Work #
#                            bench 8.0\430\config\linker\multiplier32.xcl"     #
#                            (-e?Mul8Hw=?Mul8 -e?Mul16Hw=?Mul16                #
#                            -e?Mul16to32uHw=?Mul16to32u                       #
#                            -e?Mul16to32sHw=?Mul16to32s -e?Mul32Hw32=?Mul32   #
#                            -e?Mul64Hw32=_Mul64i                              #
#                            -e?Mul32u32uto64iHw32=_Mul32u32uto64i             #
#                            -e?Mul32fHw32=_Mul32f                             #
#                            -e_Mul64fHw32Ptr=_Mul64fPtr) -D_STACK_SIZE=200    #
#                            -rt                                               #
#                            "C:\Program Files (x86)\IAR Systems\Embedded Work #
#                            bench 8.0\430\lib\dlib\dl430xllfn.r43"            #
#                            -e_PrintfLarge=_Printf -e_ScanfLarge=_Scanf       #
#                            -D_DATA16_HEAP_SIZE=A0                            #
#                            -Omsp430_txt=C:\Git\msp430-uss-library\Library\sr #
#                            c\examples\USS_Water_Demo\IAR\LPM\Exe\MSP430FR600 #
#                            7EVM_USS_Water_Demo_Devel.txt                     #
#                            -s __program_start -D_DATA20_HEAP_SIZE=50         #
#                            "C:\Program Files (x86)\IAR Systems\Embedded Work #
#                            bench 8.0\430\lib\MathLib\MSPMATHLIB_IAR_msp430_C #
#                            PUX_large_code_large_data.lib"                    #
#                            -f                                                #
#                            "C:\Program Files (x86)\IAR Systems\Embedded Work #
#                            bench 8.0\430\config\linker\mathlib32.xcl")       #
#                            (-eacosf=acos -eacosf=acosl -easinf=asin          #
#                            -easinf=asinl -eatan2f=atan2 -eatan2f=atan2l      #
#                            -eatanf=atan -eatanf=atanl -ecosf=cos             #
#                            -ecosf=cosl -eexpf=exp -eexpf=expl -efabsf=fabs   #
#                            -efabsf=fabsl -efmodf=fmod -efmodf=fmodl          #
#                            -elogf=log -elogf=logl -esinf=sin -esinf=sinl     #
#                            -e__iar_Sin_MathLib=__iar_Sin -esqrtf=sqrt        #
#                            -esqrtf=sqrtl -etanf=tan -etanf=tanl)             #
#                                                                              #
#                           Copyright (C) 1987-2016 IAR Systems AB.            #
################################################################################





                ****************************************
                *                                      *
                *           CROSS REFERENCE            *
                *                                      *
                ****************************************

       Program entry at :           504A  Relocatable, from module : ?cstart




                ****************************************
                *                                      *
                *            RUNTIME MODEL             *
                *                                      *
                ****************************************

  __Heap_Handler             = Basic
  __SystemLibrary            = DLib
  __code_model               = large
  __core                     = 430X
  __data_model               = large
  __dlib_file_descriptor     = 0
  __dlib_full_locale_support = 0
  __double_size              = 32
  __pic                      = no
  __reg_r4                   = free
  __reg_r5                   = free
  __rt_version               = 3

                ****************************************
                *                                      *
                *    AUTOMATIC SYMBOL REDIRECTIONS     *
                *                                      *
                ****************************************

                  There are no automatic symbol redirections.



                ****************************************
                *                                      *
                *              MODULE MAP              *
                *                                      *
                ****************************************


  DEFINED ABSOLUTE ENTRIES
    *************************************************************************

  DEFINED ABSOLUTE ENTRIES
  PROGRAM MODULE, NAME : ?ABS_ENTRY_MOD

Absolute parts
           ENTRY                   ADDRESS         REF BY
           =====                   =======         ======
           _DATA20_HEAP_SIZE       0050 
           _DATA16_HEAP_SIZE       00A0 
           _STACK_SIZE             0200 
           __iar_HWMUL             04C0            ?Mul16to32sHw (?Mul16to32sHw)
                                                   ?Mul32Hw32 (?Mul32Hw32)
                                                   ?Mul32fHw32 (?Mul32fHw32)
                                                   ?Mul32u32uto64iHw32 (?Mul32u32uto64iHw32)
                                                   Segment part 1 (?Mul8Hw)
                                                   msp430_calc_sqrt (msp430_common)
    *************************************************************************

  FILE NAME : C:\Git\msp430-uss-library\Library\src\examples\USS_Water_Demo\IAR\LPM\Obj\adc12_b.r43
  PROGRAM MODULE, NAME : adc12_b

  SEGMENTS IN THE MODULE
  ======================
<CODE> 1 (was CODE)
  Relative segment, address: B428 - B49F (0x78 bytes), align: 1
  Segment part 2.
           ENTRY                   ADDRESS         REF BY
           =====                   =======         ======
           ADC12_B_init            B428            hal_adc_init (hal_adc)
    -------------------------------------------------------------------------
<CODE> 1 (was CODE)
  Relative segment, address: D59A - D5A3 (0xa bytes), align: 1
  Segment part 3.             Intra module refs:   ADC12_B_init
           LOCAL                   ADDRESS         
           =====                   =======         
           ?Subroutine1            D59A 
    -------------------------------------------------------------------------
<CODE> 1 (was CODE)
  Relative segment, address: D56C - D577 (0xc bytes), align: 1
  Segment part 4.
           ENTRY                   ADDRESS         REF BY
           =====                   =======         ======
           ADC12_B_enable          D56C            ?Subroutine0 (hal_adc)
    -------------------------------------------------------------------------
<CODE> 1 (was CODE)
  Relative segment, address: D584 - D58F (0xc bytes), align: 1
  Segment part 5.
           ENTRY                   ADDRESS         REF BY
           =====                   =======         ======
           ADC12_B_disable         D584            ?Subroutine1 (hal_adc)
    -------------------------------------------------------------------------
<CODE> 1 (was CODE)
  Relative segment, address: CE3E - CE5D (0x20 bytes), align: 1
  Segment part 6.
           ENTRY                   ADDRESS         REF BY
           =====                   =======         ======
           ADC12_B_setupSamplingTimer
                                   CE3E            hal_adc_init (hal_adc)
    -------------------------------------------------------------------------
<CODE> 1 (was CODE)
  Relative segment, address: C780 - C7AD (0x2e bytes), align: 1
  Segment part 8.
           ENTRY                   ADDRESS         REF BY
           =====                   =======         ======
           ADC12_B_configureMemory
                                   C780            hal_adc_init (hal_adc)
    -------------------------------------------------------------------------
<CODE> 1 (was CODE)
  Relative segment, address: CD14 - CD35 (0x22 bytes), align: 1
  Segment part 10.
           ENTRY                   ADDRESS         REF BY
           =====                   =======         ======
           ADC12_B_enableInterrupt
                                   CD14            hal_adc_voltagesupply_readmV (hal_adc)
    -------------------------------------------------------------------------
<CODE> 1 (was CODE)
  Relative segment, address: CCD0 - CCF1 (0x22 bytes), align: 1
  Segment part 11.
           ENTRY                   ADDRESS         REF BY
           =====                   =======         ======
           ADC12_B_disableInterrupt
                                   CCD0            hal_adc_voltagesupply_readmV (hal_adc)
    -------------------------------------------------------------------------
<CODE> 1 (was CODE)
  Relative segment, address: D390 - D39F (0x10 bytes), align: 1
  Segment part 12.
           ENTRY                   ADDRESS         REF BY
           =====                   =======         ======
           ADC12_B_clearInterrupt
                                   D390            ?Subroutine4 (hal_adc)
    -------------------------------------------------------------------------
<CODE> 1 (was CODE)
  Relative segment, address: C690 - C6BF (0x30 bytes), align: 1
  Segment part 14.
           ENTRY                   ADDRESS         REF BY
           =====                   =======         ======
           ADC12_B_startConversion
                                   C690            hal_adc_voltagesupply_readmV (hal_adc)
    -------------------------------------------------------------------------
<CODE> 1 (was CODE)
  Relative segment, address: D50C - D517 (0xc bytes), align: 1
  Segment part 16.
           ENTRY                   ADDRESS         REF BY
           =====                   =======         ======
           ADC12_B_getResults      D50C            ADC12_ISR (hal_adc)

    *************************************************************************

  FILE NAME : C:\Git\msp430-uss-library\Library\src\examples\USS_Water_Demo\IAR\LPM\Obj\aes256.r43
    *************************************************************************

  FILE NAME : C:\Git\msp430-uss-library\Library\src\examples\USS_Water_Demo\IAR\LPM\Obj\benchmarkussswLib.r43
    *************************************************************************

  FILE NAME : C:\Git\msp430-uss-library\Library\src\examples\USS_Water_Demo\IAR\LPM\Obj\byte_queue.r43
  PROGRAM MODULE, NAME : byte_queue

  SEGMENTS IN THE MODULE
  ======================
<CODE> 1 (was CODE)
  Relative segment, address: CE5E - CE7D (0x20 bytes), align: 1
  Segment part 2.
           ENTRY                   ADDRESS         REF BY
           =====                   =======         ======
           ByteQueue_init          CE5E            Comm_setup (comm)
    -------------------------------------------------------------------------
<CODE> 1 (was CODE)
  Relative segment, address: BD40 - BD91 (0x52 bytes), align: 1
  Segment part 3.
           ENTRY                   ADDRESS         REF BY
           =====                   =======         ======
           ByteQueue_push          BD40            Comm_i2cReceiveHandler (comm)
               calls direct
    -------------------------------------------------------------------------
<CODE> 1 (was CODE)
  Relative segment, address: C22A - C269 (0x40 bytes), align: 1
  Segment part 4.
           ENTRY                   ADDRESS         REF BY
           =====                   =======         ======
           ByteQueue_pull          C22A            Packet_extractFromStream (packet)
               calls direct
    -------------------------------------------------------------------------
<CODE> 1 (was CODE)
  Relative segment, address: C9F8 - CA23 (0x2c bytes), align: 1
  Segment part 5.
           ENTRY                   ADDRESS         REF BY
           =====                   =======         ======
           ByteQueue_getLength     C9F8            Packet_extractFromStream (packet)
               calls direct
    -------------------------------------------------------------------------
<CODE> 1 (was CODE)
  Relative segment, address: CC00 - CC23 (0x24 bytes), align: 1
  Segment part 6.             Intra module refs:   ByteQueue_push
           ENTRY                   ADDRESS         REF BY
           =====                   =======         ======
           ByteQueue_isFull        CC00 
    -------------------------------------------------------------------------
<CODE> 1 (was CODE)
  Relative segment, address: D3FA - D407 (0xe bytes), align: 1
  Segment part 7.             Intra module refs:   ByteQueue_getLength
                                                   ByteQueue_pull
           ENTRY                   ADDRESS         REF BY
           =====                   =======         ======
           ByteQueue_isEmpty       D3FA 

    *************************************************************************

  FILE NAME : C:\Git\msp430-uss-library\Library\src\examples\USS_Water_Demo\IAR\LPM\Obj\checksum.r43
  PROGRAM MODULE, NAME : checksum

  SEGMENTS IN THE MODULE
  ======================
<CODE> 1 (was CODE)
  Relative segment, address: CF4E - CF69 (0x1c bytes), align: 1
  Segment part 2.             Intra module refs:   Checksum_verifyChecksum
           ENTRY                   ADDRESS         REF BY
           =====                   =======         ======
           Checksum_computeChecksum
                                   CF4E            Packet_appendChecksum (packet)
    -------------------------------------------------------------------------
<CODE> 1 (was CODE)
  Relative segment, address: D1A0 - D1B3 (0x14 bytes), align: 1
  Segment part 3.
           ENTRY                   ADDRESS         REF BY
           =====                   =======         ======
           Checksum_verifyChecksum
                                   D1A0            Packet_extractFromStream (packet)
               calls direct

    *************************************************************************

  FILE NAME : C:\Git\msp430-uss-library\Library\src\examples\USS_Water_Demo\IAR\LPM\Obj\comm.r43
  PROGRAM MODULE, NAME : comm

  SEGMENTS IN THE MODULE
  ======================
DATA20_P
  Relative segment, address: 4FAA - 4FE8 (0x3f bytes), align: 0
  Segment part 2.             Intra module refs:   Comm_listenForCmd
           ENTRY                   ADDRESS         REF BY
           =====                   =======         ======
           packet                  4FAA 
    -------------------------------------------------------------------------
DATA20_Z
  Relative segment, address: 1EA2 - 2121 (0x280 bytes), align: 0
  Segment part 3.             Intra module refs:   Comm_i2cReceiveHandler
                                                   Comm_i2cSlavePort
           ENTRY                   ADDRESS         REF BY
           =====                   =======         ======
           Comm_i2cSlaveRxBuffer   1EA2 
    -------------------------------------------------------------------------
<CODE> 1 (was CODE)
  Relative segment, address: CD7A - CD9B (0x22 bytes), align: 1
  Segment part 5.             Intra module refs:   Comm_i2cSlavePort
           ENTRY                   ADDRESS         REF BY
           =====                   =======         ======
           Comm_i2cReceiveHandler
                                   CD7A 
               calls direct
    -------------------------------------------------------------------------
DATA20_C
  Relative segment, address: D6CE - D6DD (0x10 bytes), align: 1
  Segment part 4.             Intra module refs:   Comm_setup
           ENTRY                   ADDRESS         REF BY
           =====                   =======         ======
           Comm_i2cSlavePort       D6CE 
    -------------------------------------------------------------------------
<CODE> 1 (was CODE)
  Relative segment, address: D15C - D173 (0x18 bytes), align: 1
  Segment part 6.
           ENTRY                   ADDRESS         REF BY
           =====                   =======         ======
           Comm_setup              D15C            HMI_Init (hmi)
               calls direct
    -------------------------------------------------------------------------
<CODE> 1 (was CODE)
  Relative segment, address: C866 - C893 (0x2e bytes), align: 1
  Segment part 7.             Intra module refs:   Comm_writePacket
           ENTRY                   ADDRESS         REF BY
           =====                   =======         ======
           Comm_writeBuffer        C866 
               calls direct
    -------------------------------------------------------------------------
<CODE> 1 (was CODE)
  Relative segment, address: D64C - D653 (0x8 bytes), align: 1
  Segment part 8.
           ENTRY                   ADDRESS         REF BY
           =====                   =======         ======
           Comm_writePacket        D64C            ?Subroutine2 (ussDCCommandHandlers)
                                                   ?Subroutine6 (ussDCCommandHandlers)
                                                   CommandHandler_transmitErrorPacket (ussDCCommandHandlers)
                                                   CommandHandler_transmitPacket (ussDCCommandHandlers)
                                                   CommandHandler_transmitUserErrorMsgPacket (ussDCCommandHandlers)
                                                   CommandHandler_transmitUserMessagePacket (ussDCCommandHandlers)
                                                   Handler_app_version (ussDCCommandHandlers)
                                                   Handler_calib_linear_constants_id (ussDCCommandHandlers)
                                                   Handler_f1_and_f2 (ussDCCommandHandlers)
                                                   Handler_mtr_calibration_table_id (ussDCCommandHandlers)
                                                   Handler_req_calibration_config_id (ussDCCommandHandlers)
                                                   processCommand (ussDCCommandHandlers)
               calls direct
    -------------------------------------------------------------------------
<CODE> 1 (was CODE)
  Relative segment, address: D5C2 - D5CB (0xa bytes), align: 1
  Segment part 9.             Intra module refs:   Comm_listenForCmd
           ENTRY                   ADDRESS         REF BY
           =====                   =======         ======
           Comm_checkForPacket     D5C2 
               calls direct
    -------------------------------------------------------------------------
<CODE> 1 (was CODE)
  Relative segment, address: D424 - D431 (0xe bytes), align: 1
  Segment part 10.
           ENTRY                   ADDRESS         REF BY
           =====                   =======         ======
           Comm_addCmdListener     D424            CommandHandler_registerCmdListeners (ussDCCommandHandlers)
               calls direct
    -------------------------------------------------------------------------
<CODE> 1 (was CODE)
  Relative segment, address: CB94 - CBB7 (0x24 bytes), align: 1
  Segment part 11.
           ENTRY                   ADDRESS         REF BY
           =====                   =======         ======
           Comm_listenForCmd       CB94            CommandHandler_calibUpdate (ussDCCommandHandlers)
                                                   CommandHandler_rxUpdate (ussDCCommandHandlers)
                                                   HMI_PreMeasurement_Update (hmi)
               calls direct

    *************************************************************************

  FILE NAME : C:\Git\msp430-uss-library\Library\src\examples\USS_Water_Demo\IAR\LPM\Obj\comm_config.r43
  PROGRAM MODULE, NAME : comm_config

  SEGMENTS IN THE MODULE
  ======================
DATA20_Z
  Relative segment, address: 2122 - 2441 (0x320 bytes), align: 0
  Segment part 2.
           ENTRY                   ADDRESS         REF BY
           =====                   =======         ======
           Comm_transmitBuffer     2122            Comm_writeBuffer (comm)
    -------------------------------------------------------------------------
DATA20_Z
  Relative segment, address: 2442 - 2481 (0x40 bytes), align: 0
  Segment part 3.
           ENTRY                   ADDRESS         REF BY
           =====                   =======         ======
           Comm_receiveBuffer      2442            Comm_setup (comm)
    -------------------------------------------------------------------------
DATA20_Z
  Relative segment, address: 1C08 - 1C11 (0xa bytes), align: 1
  Segment part 4.
           ENTRY                   ADDRESS         REF BY
           =====                   =======         ======
           Comm_receiveQueue       1C08            Comm_checkForPacket (comm)
                                                   Comm_i2cReceiveHandler (comm)
                                                   Comm_setup (comm)
    -------------------------------------------------------------------------
DATA20_Z
  Relative segment, address: 1C12 - 1CFB (0xea bytes), align: 1
  Segment part 5.             Intra module refs:   Segment part 7
           ENTRY                   ADDRESS         REF BY
           =====                   =======         ======
           Comm_listenerTable      1C12 
    -------------------------------------------------------------------------
DATA20_I
  Relative segment, address: 1C00 - 1C05 (0x6 bytes), align: 1
  Segment part 6.
           ENTRY                   ADDRESS         REF BY
           =====                   =======         ======
           Comm_listenerConfig     1C00            Comm_addCmdListener (comm)
                                                   Comm_listenForCmd (comm)
    -------------------------------------------------------------------------
DATA20_ID
  Relative segment, address: DE4A - DE4F (0x6 bytes), align: 1
  Segment part 7.             Intra module refs:   Comm_listenerConfig

    *************************************************************************

  FILE NAME : C:\Git\msp430-uss-library\Library\src\examples\USS_Water_Demo\IAR\LPM\Obj\comp_e.r43
    *************************************************************************

  FILE NAME : C:\Git\msp430-uss-library\Library\src\examples\USS_Water_Demo\IAR\LPM\Obj\crc.r43
    *************************************************************************

  FILE NAME : C:\Git\msp430-uss-library\Library\src\examples\USS_Water_Demo\IAR\LPM\Obj\crc32.r43
    *************************************************************************

  FILE NAME : C:\Git\msp430-uss-library\Library\src\examples\USS_Water_Demo\IAR\LPM\Obj\cs.r43
  PROGRAM MODULE, NAME : cs

  SEGMENTS IN THE MODULE
  ======================
DATA20_Z
  Relative segment, address: 1CFC - 1CFF (0x4 bytes), align: 1
  Segment part 2.             Intra module refs:   CS_setExternalClockSource
           LOCAL                   ADDRESS         
           =====                   =======         
           privateLFXTClockFrequency
                                   1CFC 
    -------------------------------------------------------------------------
DATA20_Z
  Relative segment, address: 1D00 - 1D03 (0x4 bytes), align: 1
  Segment part 3.             Intra module refs:   CS_setExternalClockSource
           LOCAL                   ADDRESS         
           =====                   =======         
           privateHFXTClockFrequency
                                   1D00 
    -------------------------------------------------------------------------
<CODE> 1 (was CODE)
  Relative segment, address: 8818 - 886F (0x58 bytes), align: 1
  Segment part 7.
           ENTRY                   ADDRESS         REF BY
           =====                   =======         ======
           CS_initClockSignal      8818            hal_system_Init (hal_system)
    -------------------------------------------------------------------------
<CODE> 1 (was CODE)
  Relative segment, address: 8870 - 8889 (0x1a bytes), align: 1
  Segment part 8.
           ENTRY                   ADDRESS         REF BY
           =====                   =======         ======
           CS_turnOnLFXT           8870            hal_system_Init (hal_system)
    -------------------------------------------------------------------------
<CODE> 1 (was CODE)
  Relative segment, address: 888A - 888D (0x4 bytes), align: 1
  Segment part 12.            Intra module refs:   CS_turnOnLFXT
           LOCAL                   ADDRESS         
           =====                   =======         
           ?Subroutine4            888A 
    -------------------------------------------------------------------------
<CODE> 1 (was CODE)
  Relative segment, address: 888E - 8893 (0x6 bytes), align: 1
  Segment part 13.            Intra module refs:   ?Subroutine4
           LOCAL                   ADDRESS         
           =====                   =======         
           ?Subroutine13           888E 
    -------------------------------------------------------------------------
<CODE> 1 (was CODE)
  Relative segment, address: 8894 - 88AB (0x18 bytes), align: 1
  Segment part 15.            Intra module refs:   CS_turnOnLFXT
           LOCAL                   ADDRESS         
           =====                   =======         
           ?Subroutine3            8894 
    -------------------------------------------------------------------------
<CODE> 1 (was CODE)
  Relative segment, address: 88AC - 88B1 (0x6 bytes), align: 1
  Segment part 22.            Intra module refs:   CS_turnOnLFXT
           LOCAL                   ADDRESS         
           =====                   =======         
           ?Subroutine0            88AC 
    -------------------------------------------------------------------------
<CODE> 1 (was CODE)
  Relative segment, address: 88B2 - 88B7 (0x6 bytes), align: 1
  Segment part 23.            Intra module refs:   ?Subroutine0
                                                   CS_initClockSignal
                                                   CS_setDCOFreq
    -------------------------------------------------------------------------
<CODE> 1 (was CODE)
  Relative segment, address: 88B8 - 88BF (0x8 bytes), align: 1
  Segment part 33.            Intra module refs:   CS_initClockSignal
                                                   CS_setDCOFreq
           LOCAL                   ADDRESS         
           =====                   =======         
           ?Subroutine7            88B8 
    -------------------------------------------------------------------------
<CODE> 1 (was CODE)
  Relative segment, address: 88C0 - 8989 (0xca bytes), align: 1
  Segment part 44.
           ENTRY                   ADDRESS         REF BY
           =====                   =======         ======
           CS_setDCOFreq           88C0            hal_system_Init (hal_system)
    -------------------------------------------------------------------------
<CODE> 1 (was CODE)
  Relative segment, address: D0CA - D0E3 (0x1a bytes), align: 1
  Segment part 6.
           ENTRY                   ADDRESS         REF BY
           =====                   =======         ======
           CS_setExternalClockSource
                                   D0CA            hal_system_Init (hal_system)

    *************************************************************************

  FILE NAME : C:\Git\msp430-uss-library\Library\src\examples\USS_Water_Demo\IAR\LPM\Obj\dma.r43
    *************************************************************************

  FILE NAME : C:\Git\msp430-uss-library\Library\src\examples\USS_Water_Demo\IAR\LPM\Obj\esi.r43
    *************************************************************************

  FILE NAME : C:\Git\msp430-uss-library\Library\src\examples\USS_Water_Demo\IAR\LPM\Obj\eusci_a_spi.r43
    *************************************************************************

  FILE NAME : C:\Git\msp430-uss-library\Library\src\examples\USS_Water_Demo\IAR\LPM\Obj\eusci_a_uart.r43
  PROGRAM MODULE, NAME : eusci_a_uart

  SEGMENTS IN THE MODULE
  ======================
<CODE> 1 (was CODE)
  Relative segment, address: CDBE - CDDD (0x20 bytes), align: 1
  Segment part 5.
           ENTRY                   ADDRESS         REF BY
           =====                   =======         ======
           EUSCI_A_UART_receiveData
                                   CDBE            hal_uart_ISR (hal_uart)

    *************************************************************************

  FILE NAME : C:\Git\msp430-uss-library\Library\src\examples\USS_Water_Demo\IAR\LPM\Obj\eusci_b_i2c.r43
  PROGRAM MODULE, NAME : eusci_b_i2c

  SEGMENTS IN THE MODULE
  ======================
<CODE> 1 (was CODE)
  Relative segment, address: CB6E - CB93 (0x26 bytes), align: 1
  Segment part 3.
           ENTRY                   ADDRESS         REF BY
           =====                   =======         ======
           EUSCI_B_I2C_initSlave   CB6E            I2CSlave_openPort (i2cslave)
    -------------------------------------------------------------------------
<CODE> 1 (was CODE)
  Relative segment, address: D67A - D67F (0x6 bytes), align: 1
  Segment part 4.
           ENTRY                   ADDRESS         REF BY
           =====                   =======         ======
           EUSCI_B_I2C_enable      D67A            I2CSlave_openPort (i2cslave)
    -------------------------------------------------------------------------
<CODE> 1 (was CODE)
  Relative segment, address: D692 - D697 (0x6 bytes), align: 1
  Segment part 5.
           ENTRY                   ADDRESS         REF BY
           =====                   =======         ======
           EUSCI_B_I2C_disable     D692            I2CSlave_closePort (i2cslave)
    -------------------------------------------------------------------------
<CODE> 1 (was CODE)
  Relative segment, address: C166 - C16B (0x6 bytes), align: 1
  Segment part 8.             Intra module refs:   EUSCI_B_I2C_enableInterrupt
           LOCAL                   ADDRESS         
           =====                   =======         
           ?Subroutine2            C166 
    -------------------------------------------------------------------------
<CODE> 1 (was CODE)
  Relative segment, address: C16C - C173 (0x8 bytes), align: 1
  Segment part 9.
           ENTRY                   ADDRESS         REF BY
           =====                   =======         ======
           EUSCI_B_I2C_getMode     C16C            I2CSlave_ISR (i2cslave)
    -------------------------------------------------------------------------
<CODE> 1 (was CODE)
  Relative segment, address: C174, align: 1
  Segment part 10.
           ENTRY                   ADDRESS         REF BY
           =====                   =======         ======
           EUSCI_B_I2C_slavePutData
                                   C174            I2CSlave_ISR (i2cslave)
    -------------------------------------------------------------------------
<CODE> 1 (was CODE)
  Relative segment, address: C174 - C179 (0x6 bytes), align: 1
  Segment part 11.            Intra module refs:   EUSCI_B_I2C_slavePutData
           LOCAL                   ADDRESS         
           =====                   =======         
           ?Subroutine0            C174 
    -------------------------------------------------------------------------
<CODE> 1 (was CODE)
  Relative segment, address: C17A - C17F (0x6 bytes), align: 1
  Segment part 12.            Intra module refs:   ?Subroutine0
    -------------------------------------------------------------------------
<CODE> 1 (was CODE)
  Relative segment, address: C180 - C181 (0x2 bytes), align: 1
  Segment part 13.
           ENTRY                   ADDRESS         REF BY
           =====                   =======         ======
           EUSCI_B_I2C_slaveGetData
                                   C180            I2CSlave_ISR (i2cslave)
                                                   I2CSlave_handleEndOfReceive (i2cslave)
    -------------------------------------------------------------------------
<CODE> 1 (was CODE)
  Relative segment, address: C182 - C189 (0x8 bytes), align: 1
  Segment part 17.
           ENTRY                   ADDRESS         REF BY
           =====                   =======         ======
           EUSCI_B_I2C_enableInterrupt
                                   C182            I2CSlave_openPort (i2cslave)
    -------------------------------------------------------------------------
<CODE> 1 (was CODE)
  Relative segment, address: C18A - C18F (0x6 bytes), align: 1
  Segment part 19.            Intra module refs:   EUSCI_B_I2C_clearInterrupt
           LOCAL                   ADDRESS         
           =====                   =======         
           ?Subroutine3            C18A 
    -------------------------------------------------------------------------
<CODE> 1 (was CODE)
  Relative segment, address: C190 - C197 (0x8 bytes), align: 1
  Segment part 20.
           ENTRY                   ADDRESS         REF BY
           =====                   =======         ======
           EUSCI_B_I2C_clearInterrupt
                                   C190            I2CSlave_handleEndOfReceive (i2cslave)
                                                   I2CSlave_openPort (i2cslave)
    -------------------------------------------------------------------------
<CODE> 1 (was CODE)
  Relative segment, address: C198 - C1A1 (0xa bytes), align: 1
  Segment part 21.
           ENTRY                   ADDRESS         REF BY
           =====                   =======         ======
           EUSCI_B_I2C_getInterruptStatus
                                   C198            I2CSlave_handleEndOfReceive (i2cslave)
    -------------------------------------------------------------------------
<CODE> 1 (was CODE)
  Relative segment, address: C1A2 - C1A9 (0x8 bytes), align: 1
  Segment part 43.            Intra module refs:   EUSCI_B_I2C_slaveGetData
           LOCAL                   ADDRESS         
           =====                   =======         
           ?Subroutine1            C1A2 

    *************************************************************************

  FILE NAME : C:\Git\msp430-uss-library\Library\src\examples\USS_Water_Demo\IAR\LPM\Obj\eusci_b_spi.r43
    *************************************************************************

  FILE NAME : C:\Git\msp430-uss-library\Library\src\examples\USS_Water_Demo\IAR\LPM\Obj\framctl.r43
    *************************************************************************

  FILE NAME : C:\Git\msp430-uss-library\Library\src\examples\USS_Water_Demo\IAR\LPM\Obj\framctl_a.r43
    *************************************************************************

  FILE NAME : C:\Git\msp430-uss-library\Library\src\examples\USS_Water_Demo\IAR\LPM\Obj\gpio.r43
  PROGRAM MODULE, NAME : gpio

  SEGMENTS IN THE MODULE
  ======================
DATA20_C
  Relative segment, address: D6DE - D6F9 (0x1c bytes), align: 1
  Segment part 2.             Intra module refs:   ?Subroutine12
                                                   ?Subroutine13
                                                   ?Subroutine7
                                                   GPIO_getInterruptStatus
           LOCAL                   ADDRESS         
           =====                   =======         
           GPIO_PORT_TO_BASE       D6DE 
    -------------------------------------------------------------------------
<CODE> 1 (was CODE)
  Relative segment, address: 86A2 - 86AB (0xa bytes), align: 1
  Segment part 3.
           ENTRY                   ADDRESS         REF BY
           =====                   =======         ======
           GPIO_setAsOutputPin     86A2            hal_adc_voltagesupply_readmV (hal_adc)
                                                   hal_system_GPIOInit (hal_system)
    -------------------------------------------------------------------------
<CODE> 1 (was CODE)
  Relative segment, address: 86AC - 86B1 (0x6 bytes), align: 1
  Segment part 4.             Intra module refs:   GPIO_setAsInputPinWithPullUpResistor
                                                   GPIO_setAsOutputPin
           LOCAL                   ADDRESS         
           =====                   =======         
           ?Subroutine1            86AC 
    -------------------------------------------------------------------------
<CODE> 1 (was CODE)
  Relative segment, address: 86B2 - 86DD (0x2c bytes), align: 1
  Segment part 5.
           ENTRY                   ADDRESS         REF BY
           =====                   =======         ======
           GPIO_setAsInputPin      86B2            hal_adc_init (hal_adc)
                                                   hal_adc_voltagesupply_readmV (hal_adc)
                                                   hal_system_GPIOInit (hal_system)
    -------------------------------------------------------------------------
<CODE> 1 (was CODE)
  Relative segment, address: 86DE - 86E9 (0xc bytes), align: 1
  Segment part 6.             Intra module refs:   ?Subroutine4
                                                   GPIO_setAsInputPin
                                                   GPIO_setAsOutputPin
           LOCAL                   ADDRESS         
           =====                   =======         
           ?Subroutine12           86DE 
    -------------------------------------------------------------------------
<CODE> 1 (was CODE)
  Relative segment, address: 86EA - 86F5 (0xc bytes), align: 1
  Segment part 7.             Intra module refs:   ?Subroutine10
                                                   ?Subroutine12
                                                   ?Subroutine7
           LOCAL                   ADDRESS         
           =====                   =======         
           ?Subroutine14           86EA 
    -------------------------------------------------------------------------
<CODE> 1 (was CODE)
  Relative segment, address: 86F6 - 871F (0x2a bytes), align: 1
  Segment part 9.             Intra module refs:   GPIO_setAsPeripheralModuleFunctionInputPin
           LOCAL                   ADDRESS         
           =====                   =======         
           ?Subroutine0            86F6 
    -------------------------------------------------------------------------
<CODE> 1 (was CODE)
  Relative segment, address: 8720 - 873F (0x20 bytes), align: 1
  Segment part 10.
           ENTRY                   ADDRESS         REF BY
           =====                   =======         ======
           GPIO_setAsPeripheralModuleFunctionInputPin
                                   8720            hal_adc_init (hal_adc)
                                                   hal_lcd_Init (hal_lcd)
                                                   hal_system_GPIOInit (hal_system)
    -------------------------------------------------------------------------
<CODE> 1 (was CODE)
  Relative segment, address: 8740 - 8751 (0x12 bytes), align: 1
  Segment part 11.            Intra module refs:   GPIO_setAsPeripheralModuleFunctionInputPin
           LOCAL                   ADDRESS         
           =====                   =======         
           ?Subroutine7            8740 
    -------------------------------------------------------------------------
<CODE> 1 (was CODE)
  Relative segment, address: 8752 - 8755 (0x4 bytes), align: 1
  Segment part 12.
           ENTRY                   ADDRESS         REF BY
           =====                   =======         ======
           GPIO_setOutputHighOnPin
                                   8752            hal_system_LEDOn (hal_system)
    -------------------------------------------------------------------------
<CODE> 1 (was CODE)
  Relative segment, address: 8756 - 875B (0x6 bytes), align: 1
  Segment part 13.            Intra module refs:   GPIO_selectInterruptEdge
                                                   GPIO_setOutputHighOnPin
           LOCAL                   ADDRESS         
           =====                   =======         
           ?Subroutine2            8756 
    -------------------------------------------------------------------------
<CODE> 1 (was CODE)
  Relative segment, address: 875C - 875F (0x4 bytes), align: 1
  Segment part 14.
           ENTRY                   ADDRESS         REF BY
           =====                   =======         ======
           GPIO_setOutputLowOnPin
                                   875C            hal_adc_voltagesupply_readmV (hal_adc)
                                                   hal_system_GPIOInit (hal_system)
                                                   hal_system_LEDOff (hal_system)
    -------------------------------------------------------------------------
<CODE> 1 (was CODE)
  Relative segment, address: 8760 - 8765 (0x6 bytes), align: 1
  Segment part 15.            Intra module refs:   GPIO_clearInterrupt
                                                   GPIO_selectInterruptEdge
                                                   GPIO_setOutputLowOnPin
           LOCAL                   ADDRESS         
           =====                   =======         
           ?Subroutine3            8760 
    -------------------------------------------------------------------------
<CODE> 1 (was CODE)
  Relative segment, address: 8766 - 876D (0x8 bytes), align: 1
  Segment part 16.            Intra module refs:   GPIO_setOutputHighOnPin
                                                   GPIO_setOutputLowOnPin
           LOCAL                   ADDRESS         
           =====                   =======         
           ?Subroutine5            8766 
    -------------------------------------------------------------------------
<CODE> 1 (was CODE)
  Relative segment, address: 876E - 8775 (0x8 bytes), align: 1
  Segment part 19.
           ENTRY                   ADDRESS         REF BY
           =====                   =======         ======
           GPIO_setAsInputPinWithPullUpResistor
                                   876E            hal_system_GPIOInit (hal_system)
    -------------------------------------------------------------------------
<CODE> 1 (was CODE)
  Relative segment, address: 8776 - 8793 (0x1e bytes), align: 1
  Segment part 20.            Intra module refs:   GPIO_setAsInputPinWithPullUpResistor
           LOCAL                   ADDRESS         
           =====                   =======         
           ?Subroutine4            8776 
    -------------------------------------------------------------------------
<CODE> 1 (was CODE)
  Relative segment, address: 8794 - 87AD (0x1a bytes), align: 1
  Segment part 21.            Intra module refs:   ?Subroutine4
                                                   GPIO_setAsOutputPin
           LOCAL                   ADDRESS         
           =====                   =======         
           ?Subroutine11           8794 
    -------------------------------------------------------------------------
<CODE> 1 (was CODE)
  Relative segment, address: 87AE - 87E3 (0x36 bytes), align: 1
  Segment part 26.
           ENTRY                   ADDRESS         REF BY
           =====                   =======         ======
           GPIO_getInterruptStatus
                                   87AE            hal_system_ButtonsCheck (hal_system)
    -------------------------------------------------------------------------
<CODE> 1 (was CODE)
  Relative segment, address: 87E4 - 87EF (0xc bytes), align: 1
  Segment part 27.
           ENTRY                   ADDRESS         REF BY
           =====                   =======         ======
           GPIO_clearInterrupt     87E4            hal_system_ButtonsClearAll (hal_system)
                                                   hal_system_ButtonsClearInt (hal_system)
    -------------------------------------------------------------------------
<CODE> 1 (was CODE)
  Relative segment, address: 87F0 - 87FB (0xc bytes), align: 1
  Segment part 28.            Intra module refs:   ?Subroutine5
                                                   GPIO_clearInterrupt
           LOCAL                   ADDRESS         
           =====                   =======         
           ?Subroutine10           87F0 
    -------------------------------------------------------------------------
<CODE> 1 (was CODE)
  Relative segment, address: 87FC - 8817 (0x1c bytes), align: 1
  Segment part 29.
           ENTRY                   ADDRESS         REF BY
           =====                   =======         ======
           GPIO_selectInterruptEdge
                                   87FC            hal_system_ButtonsInit (hal_system)
    -------------------------------------------------------------------------
<CODE> 1 (was CODE)
  Relative segment, address: D44E - D45B (0xe bytes), align: 1
  Segment part 30.            Intra module refs:   ?Subroutine10
                                                   GPIO_selectInterruptEdge
           LOCAL                   ADDRESS         
           =====                   =======         
           ?Subroutine13           D44E 

    *************************************************************************

  FILE NAME : C:\Git\msp430-uss-library\Library\src\examples\USS_Water_Demo\IAR\LPM\Obj\hal_adc.r43
  PROGRAM MODULE, NAME : hal_adc

  SEGMENTS IN THE MODULE
  ======================
DATA16_AN
  Relative segment, address: 0818 - 0819 (0x2 bytes), align: 0
  Segment part 1. ROOT        Intra module refs:   ADC12_ISR
           ENTRY                   ADDRESS         REF BY
           =====                   =======         ======
           _A_ADC12IV_L            0818 
           LOCAL                   ADDRESS         
           =====                   =======         
           ADC12IV                 0818 
           ADC12IV_H               0819 
           ADC12IV_L               0818 
    -------------------------------------------------------------------------
DATA20_Z
  Relative segment, address: 2482 - 2482 (0x1 bytes), align: 0
  Segment part 6.             Intra module refs:   ADC12_ISR
                                                   hal_adc_init
           LOCAL                   ADDRESS         
           =====                   =======         
           temp_sensor_rdy         2482 
    -------------------------------------------------------------------------
DATA20_Z
  Relative segment, address: 2483 - 2483 (0x1 bytes), align: 0
  Segment part 7.             Intra module refs:   ADC12_ISR
                                                   hal_adc_voltagesupply_readmV
           LOCAL                   ADDRESS         
           =====                   =======         
           volt_supply_rdy         2483 
    -------------------------------------------------------------------------
DATA20_Z
  Relative segment, address: 1D04 - 1D05 (0x2 bytes), align: 1
  Segment part 8.             Intra module refs:   ADC12_ISR
           LOCAL                   ADDRESS         
           =====                   =======         
           temp_sensor_raw         1D04 
    -------------------------------------------------------------------------
DATA20_Z
  Relative segment, address: 1D06 - 1D07 (0x2 bytes), align: 1
  Segment part 9.             Intra module refs:   ADC12_ISR
                                                   hal_adc_voltagesupply_readmV
           LOCAL                   ADDRESS         
           =====                   =======         
           volt_supply_raw         1D06 
    -------------------------------------------------------------------------
DATA20_Z
  Relative segment, address: 1D08 - 1D0B (0x4 bytes), align: 1
  Segment part 10.            Intra module refs:   hal_adc_init
                                                   hal_adc_voltagesupply_readmV
           LOCAL                   ADDRESS         
           =====                   =======         
           cal_ref_ptr             1D08 
    -------------------------------------------------------------------------
DATA20_Z
  Relative segment, address: 1D0C - 1D0F (0x4 bytes), align: 1
  Segment part 11.            Intra module refs:   hal_adc_init
                                                   hal_adc_voltagesupply_readmV
           LOCAL                   ADDRESS         
           =====                   =======         
           cal_adc_ptr             1D0C 
    -------------------------------------------------------------------------
DATA20_Z
  Relative segment, address: 1D10 - 1D13 (0x4 bytes), align: 1
  Segment part 12.            Intra module refs:   hal_adc_init
           LOCAL                   ADDRESS         
           =====                   =======         
           temp_const              1D10 
    -------------------------------------------------------------------------
<CODE> 1 (was CODE)
  Relative segment, address: 9402 - 950B (0x10a bytes), align: 1
  Segment part 13.
           ENTRY                   ADDRESS         REF BY
           =====                   =======         ======
           hal_adc_init            9402            hal_system_Init (hal_system)
               calls direct
    -------------------------------------------------------------------------
<CODE> 1 (was CODE)
  Relative segment, address: D310 - D31F (0x10 bytes), align: 1
  Segment part 14.            Intra module refs:   hal_adc_init
           LOCAL                   ADDRESS         
           =====                   =======         
           ?Subroutine3            D310 
    -------------------------------------------------------------------------
<CODE> 1 (was CODE)
  Relative segment, address: D226 - D237 (0x12 bytes), align: 1
  Segment part 15.            Intra module refs:   hal_adc_init
           LOCAL                   ADDRESS         
           =====                   =======         
           ?Subroutine2            D226 
    -------------------------------------------------------------------------
<CODE> 1 (was CODE)
  Relative segment, address: D4CC - D4D9 (0xe bytes), align: 1
  Segment part 18.            Intra module refs:   hal_adc_voltagesupply_readmV
           LOCAL                   ADDRESS         
           =====                   =======         
           ?Subroutine4            D4CC 
    -------------------------------------------------------------------------
<CODE> 1 (was CODE)
  Relative segment, address: D1B4 - D1C7 (0x14 bytes), align: 1
  Segment part 19.            Intra module refs:   hal_adc_voltagesupply_readmV
           LOCAL                   ADDRESS         
           =====                   =======         
           ?Subroutine1            D1B4 
    -------------------------------------------------------------------------
<CODE> 1 (was CODE)
  Relative segment, address: CBDC - CBFF (0x24 bytes), align: 1
  Segment part 20.            Intra module refs:   hal_adc_voltagesupply_readmV
           LOCAL                   ADDRESS         
           =====                   =======         
           ?Subroutine0            CBDC 
    -------------------------------------------------------------------------
<CODE> 1 (was CODE)
  Relative segment, address: A270 - A32D (0xbe bytes), align: 1
  Segment part 17.
           ENTRY                   ADDRESS         REF BY
           =====                   =======         ======
           hal_adc_voltagesupply_readmV
                                   A270            results_Update (results)
               calls direct
    -------------------------------------------------------------------------
ISR_CODE
  Relative segment, address: 5082 - 5111 (0x90 bytes), align: 1
  Segment part 21.            Intra module refs:   ADC12_ISR::??INTVEC 92
           ENTRY                   ADDRESS         REF BY
           =====                   =======         ======
           ADC12_ISR               5082 
               interrupt function
               calls direct
    -------------------------------------------------------------------------
INTVEC
  Common segment, address: FF90 - FFED (0x5e bytes), align: 1
  Segment part 2. ROOT 
           ENTRY                   ADDRESS         REF BY
           =====                   =======         ======
           ADC12_ISR::??INTVEC 92
                                   FFEC 

    *************************************************************************

  FILE NAME : C:\Git\msp430-uss-library\Library\src\examples\USS_Water_Demo\IAR\LPM\Obj\hal_lcd.r43
  PROGRAM MODULE, NAME : hal_lcd

  SEGMENTS IN THE MODULE
  ======================
DATA20_Z
  Relative segment, address: 2484 - 24A1 (0x1e bytes), align: 0
  Segment part 4.             Intra module refs:   hal_lcd_clearSymbol
                                                   hal_lcd_setSymbol
                                                   hal_lcd_showBattery
                                                   hal_lcd_showCharwPoint
                                                   hal_lcd_turnoffLCD
                                                   hal_lcd_updatememory
           LOCAL                   ADDRESS         
           =====                   =======         
           LCDMemMap               2484 
    -------------------------------------------------------------------------
DATA20_C
  Relative segment, address: DCCC - DCD1 (0x6 bytes), align: 0
  Segment part 3.             Intra module refs:   hal_lcd_displayScrollText
    -------------------------------------------------------------------------
DATA20_C
  Relative segment, address: DCD2 - DCE5 (0x14 bytes), align: 0
  Segment part 5.             Intra module refs:   hal_lcd_showCharwPoint
           ENTRY                   ADDRESS         REF BY
           =====                   =======         ======
           digitTable              DCD2 
    -------------------------------------------------------------------------
DATA20_C
  Relative segment, address: DCE6 - DD19 (0x34 bytes), align: 0
  Segment part 6.             Intra module refs:   hal_lcd_showCharwPoint
           ENTRY                   ADDRESS         REF BY
           =====                   =======         ======
           alphabetBigTable        DCE6 
    -------------------------------------------------------------------------
DATA20_C
  Relative segment, address: DD1A - DD3F (0x26 bytes), align: 0
  Segment part 7.             Intra module refs:   ?Subroutine1
                                                   hal_lcd_clearSymbol
                                                   hal_lcd_setSymbol
           ENTRY                   ADDRESS         REF BY
           =====                   =======         ======
           symbolTable             DD1A 
    -------------------------------------------------------------------------
<CODE> 1 (was CODE)
  Relative segment, address: AC7A - AD09 (0x90 bytes), align: 1
  Segment part 8.
           ENTRY                   ADDRESS         REF BY
           =====                   =======         ======
           hal_lcd_Init            AC7A            hal_system_Init (hal_system)
               calls direct
    -------------------------------------------------------------------------
<CODE> 1 (was CODE)
  Relative segment, address: CDDE - CDFD (0x20 bytes), align: 1
  Segment part 9.
           ENTRY                   ADDRESS         REF BY
           =====                   =======         ======
           hal_lcd_turnoffLCD      CDDE            hal_system_Init (hal_system)
                                                   lcd_statemachine_sleepLCD (lcd_statemachine)
               calls direct
    -------------------------------------------------------------------------
<CODE> 1 (was CODE)
  Relative segment, address: D65C - D663 (0x8 bytes), align: 1
  Segment part 10.
           ENTRY                   ADDRESS         REF BY
           =====                   =======         ======
           hal_lcd_turnonLCD       D65C            lcd_statemachine_stateUpdate (lcd_statemachine)
               calls direct
    -------------------------------------------------------------------------
<CODE> 1 (was CODE)
  Relative segment, address: D624 - D62B (0x8 bytes), align: 1
  Segment part 11.
           ENTRY                   ADDRESS         REF BY
           =====                   =======         ======
           hal_lcd_clearLCD        D624            lcd_statemachine_stateAction (lcd_statemachine)
               calls direct
    -------------------------------------------------------------------------
<CODE> 1 (was CODE)
  Relative segment, address: D680 - D685 (0x6 bytes), align: 1
  Segment part 14.            Intra module refs:   hal_lcd_displayScrollText
           ENTRY                   ADDRESS         REF BY
           =====                   =======         ======
           hal_lcd_showChar        D680 
               calls direct
    -------------------------------------------------------------------------
<CODE> 1 (was CODE)
  Relative segment, address: A562 - A617 (0xb6 bytes), align: 1
  Segment part 13.            Intra module refs:   hal_lcd_showChar
           ENTRY                   ADDRESS         REF BY
           =====                   =======         ======
           hal_lcd_showCharwPoint
                                   A562            lcd_statemachine_writeLCD (lcd_statemachine)
               calls direct
    -------------------------------------------------------------------------
<CODE> 1 (was CODE)
  Relative segment, address: 9E8A - 9F57 (0xce bytes), align: 1
  Segment part 15.
           ENTRY                   ADDRESS         REF BY
           =====                   =======         ======
           hal_lcd_displayScrollText
                                   9E8A            Segment part 36 (lcd_statemachine)
                                                   lcd_statemachine_displayScrollStatistics (lcd_statemachine)
               calls direct
    -------------------------------------------------------------------------
<CODE> 1 (was CODE)
  Relative segment, address: CD58 - CD63 (0xc bytes), align: 1
  Segment part 16.            Intra module refs:   hal_lcd_showBattery
           ENTRY                   ADDRESS         REF BY
           =====                   =======         ======
           hal_lcd_setSymbol       CD58            lcd_statemachine_writeLCD (lcd_statemachine)
               calls direct
    -------------------------------------------------------------------------
<CODE> 1 (was CODE)
  Relative segment, address: CD64 - CD69 (0x6 bytes), align: 1
  Segment part 17.            Intra module refs:   hal_lcd_clearSymbol
                                                   hal_lcd_setSymbol
           LOCAL                   ADDRESS         
           =====                   =======         
           ?Subroutine0            CD64 
    -------------------------------------------------------------------------
<CODE> 1 (was CODE)
  Relative segment, address: CD6A - CD79 (0x10 bytes), align: 1
  Segment part 18.
           ENTRY                   ADDRESS         REF BY
           =====                   =======         ======
           hal_lcd_clearSymbol     CD6A            lcd_statemachine_clearWriteData (lcd_statemachine)
                                                   lcd_statemachine_writeLCD (lcd_statemachine)
               calls direct
    -------------------------------------------------------------------------
<CODE> 1 (was CODE)
  Relative segment, address: D380 - D38F (0x10 bytes), align: 1
  Segment part 19.            Intra module refs:   hal_lcd_clearSymbol
                                                   hal_lcd_setSymbol
           LOCAL                   ADDRESS         
           =====                   =======         
           ?Subroutine1            D380 
    -------------------------------------------------------------------------
<CODE> 1 (was CODE)
  Relative segment, address: B5F6 - B661 (0x6c bytes), align: 1
  Segment part 20.
           ENTRY                   ADDRESS         REF BY
           =====                   =======         ======
           hal_lcd_showBattery     B5F6            lcd_statemachine_displayBatteryVoltage (lcd_statemachine)
                                                   lcd_statemachine_stateAction (lcd_statemachine)
               calls direct
    -------------------------------------------------------------------------
<CODE> 1 (was CODE)
  Relative segment, address: CA50 - CA79 (0x2a bytes), align: 1
  Segment part 12.            Intra module refs:   ?Subroutine0
                                                   hal_lcd_showCharwPoint
           LOCAL                   ADDRESS         
           =====                   =======         
           hal_lcd_updatememory    CA50 
               calls direct

    *************************************************************************

[...]
           =====                   =======         ======
           ?ShiftRight32u_4        D2A4            USS_initAlgorithms (ussSwLibAlgorithms)
                                                   USS_updateClockRelativeError (ussSwLibAlgorithms)
    -------------------------------------------------------------------------
<CODE> 1 (was CODE)
  Relative segment, address: D2A8 - D2AB (0x4 bytes), align: 1
  Segment part 5.             Intra module refs:   ?ShiftRight32u_4
           ENTRY                   ADDRESS         REF BY
           =====                   =======         ======
           ?ShiftRight32u_3        D2A8            USS_initAlgorithms (ussSwLibAlgorithms)
                                                   USS_updateClockRelativeError (ussSwLibAlgorithms)
    -------------------------------------------------------------------------
<CODE> 1 (was CODE)
  Relative segment, address: D2AC - D2B5 (0xa bytes), align: 1
  Segment part 6.             Intra module refs:   ?ShiftRight32u_3
           ENTRY                   ADDRESS         REF BY
           =====                   =======         ======
           ?ShiftRight32u_2        D2AC 

    -------------------------------------------------------------------------
  LIBRARY MODULE, NAME : ?ShiftRight32u_8n

  SEGMENTS IN THE MODULE
  ======================
<CODE> 1 (was CODE)
  Relative segment, address: CFF6 - CFF9 (0x4 bytes), align: 1
  Segment part 2.
           ENTRY                   ADDRESS         REF BY
           =====                   =======         ======
           ?ShiftRight32u_12       CFF6            hal_adc_voltagesupply_readmV (hal_adc)
    -------------------------------------------------------------------------
<CODE> 1 (was CODE)
  Relative segment, address: CFFA - CFFD (0x4 bytes), align: 1
  Segment part 3.             Intra module refs:   ?ShiftRight32u_12
           ENTRY                   ADDRESS         REF BY
           =====                   =======         ======
           ?ShiftRight32u_11       CFFA 
    -------------------------------------------------------------------------
<CODE> 1 (was CODE)
  Relative segment, address: CFFE - D001 (0x4 bytes), align: 1
  Segment part 4.             Intra module refs:   ?ShiftRight32u_11
           ENTRY                   ADDRESS         REF BY
           =====                   =======         ======
           ?ShiftRight32u_10       CFFE 
    -------------------------------------------------------------------------
<CODE> 1 (was CODE)
  Relative segment, address: D002 - D005 (0x4 bytes), align: 1
  Segment part 5.             Intra module refs:   ?ShiftRight32u_10
           ENTRY                   ADDRESS         REF BY
           =====                   =======         ======
           ?ShiftRight32u_9        D002 
    -------------------------------------------------------------------------
<CODE> 1 (was CODE)
  Relative segment, address: D006 - D011 (0xc bytes), align: 1
  Segment part 6.             Intra module refs:   ?ShiftRight32u_9
           ENTRY                   ADDRESS         REF BY
           =====                   =======         ======
           ?ShiftRight32u_8        D006 

    -------------------------------------------------------------------------
  LIBRARY MODULE, NAME : ?ShiftRight64s_n

  SEGMENTS IN THE MODULE
  ======================
<CODE> 1 (was CODE)
  Relative segment, address: C62C - C633 (0x8 bytes), align: 1
  Segment part 1.
           ENTRY                   ADDRESS         REF BY
           =====                   =======         ======
           ?ShiftRight64s_6        C62C            Segment part 33 (_IQNmpy)
                                                   _IQ30rsmpy (_IQNrsmpy)
    -------------------------------------------------------------------------
<CODE> 1 (was CODE)
  Relative segment, address: C634 - C63B (0x8 bytes), align: 1
  Segment part 2.             Intra module refs:   ?ShiftRight64s_6
           ENTRY                   ADDRESS         REF BY
           =====                   =======         ======
           ?ShiftRight64s_5        C634            Segment part 31 (_IQNmpy)
    -------------------------------------------------------------------------
<CODE> 1 (was CODE)
  Relative segment, address: C63C - C643 (0x8 bytes), align: 1
  Segment part 3.             Intra module refs:   ?ShiftRight64s_5
           ENTRY                   ADDRESS         REF BY
           =====                   =======         ======
           ?ShiftRight64s_4        C63C 
    -------------------------------------------------------------------------
<CODE> 1 (was CODE)
  Relative segment, address: C644 - C64B (0x8 bytes), align: 1
  Segment part 4.             Intra module refs:   ?ShiftRight64s_4
           ENTRY                   ADDRESS         REF BY
           =====                   =======         ======
           ?ShiftRight64s_3        C644 
    -------------------------------------------------------------------------
<CODE> 1 (was CODE)
  Relative segment, address: C64C - C65D (0x12 bytes), align: 1
  Segment part 5.             Intra module refs:   ?ShiftRight64s_3
           ENTRY                   ADDRESS         REF BY
           =====                   =======         ======
           ?ShiftRight64s_2        C64C 

    -------------------------------------------------------------------------
  LIBRARY MODULE, NAME : ?ShiftRight64u_n

  SEGMENTS IN THE MODULE
  ======================
<CODE> 1 (was CODE)
  Relative segment, address: CCAE - CCB5 (0x8 bytes), align: 1
  Segment part 3.
           ENTRY                   ADDRESS         REF BY
           =====                   =======         ======
           ?ShiftRight64u_4        CCAE            ?Subroutine1 (ussSwLibCommonSAPH)
    -------------------------------------------------------------------------
<CODE> 1 (was CODE)
  Relative segment, address: CCB6 - CCBD (0x8 bytes), align: 1
  Segment part 4.             Intra module refs:   ?ShiftRight64u_4
           ENTRY                   ADDRESS         REF BY
           =====                   =======         ======
           ?ShiftRight64u_3        CCB6 
    -------------------------------------------------------------------------
<CODE> 1 (was CODE)
  Relative segment, address: CCBE - CCCF (0x12 bytes), align: 1
  Segment part 5.             Intra module refs:   ?ShiftRight64u_3
           ENTRY                   ADDRESS         REF BY
           =====                   =======         ======
           ?ShiftRight64u_2        CCBE 

    -------------------------------------------------------------------------
  LIBRARY MODULE, NAME : ?memcpy

  SEGMENTS IN THE MODULE
  ======================
<CODE> 1 (was CODE)
  Relative segment, address: D012 - D02D (0x1c bytes), align: 1
  Segment part 2.
           ENTRY                   ADDRESS         REF BY
           =====                   =======         ======
           memcpy                  D012            Comm_writeBuffer (comm)
                                                   __data20_memcpy (?memzero)

    -------------------------------------------------------------------------
  LIBRARY MODULE, NAME : ?CopyMemoryBytes20

  SEGMENTS IN THE MODULE
  ======================
<CODE> 1 (was CODE)
  Relative segment, address: D1DC - D1EF (0x14 bytes), align: 1
  Segment part 0.
           ENTRY                   ADDRESS         REF BY
           =====                   =======         ======
           ?CopyMemoryBytes20      D1DC            CommandHandler_updateParams (ussDCCommandHandlers)

    -------------------------------------------------------------------------
  LIBRARY MODULE, NAME : ?memzero

  SEGMENTS IN THE MODULE
  ======================
<CODE> 1 (was CODE)
  Relative segment, address: D144 - D15B (0x18 bytes), align: 1
  Segment part 5.
           ENTRY                   ADDRESS         REF BY
           =====                   =======         ======
           __data20_memzero        D144            ?cstart_init_zero20 (?cstart)
    -------------------------------------------------------------------------
<CODE> 1 (was CODE)
  Relative segment, address: D6B0 - D6B3 (0x4 bytes), align: 1
  Segment part 6.
           ENTRY                   ADDRESS         REF BY
           =====                   =======         ======
           __data20_memcpy         D6B0            ?cstart_init_copy20 (?cstart)
               calls direct

    -------------------------------------------------------------------------
  LIBRARY MODULE, NAME : ?mul32s32sto64i

  SEGMENTS IN THE MODULE
  ======================
<CODE> 1 (was CODE)
  Relative segment, address: CCF2 - CD13 (0x22 bytes), align: 1
  Segment part 2.
           ENTRY                   ADDRESS         REF BY
           =====                   =======         ======
           _Mul32s32sto64i         CCF2            _IQ12rmpy (_IQNrmpy)
                                                   _IQ15rsmpy (_IQNrsmpy)
                                                   _IQ16mpy (_IQNmpy)
                                                   _IQ19rsmpy (_IQNrsmpy)
                                                   _IQ20mpy (_IQNmpy)
                                                   _IQ21mpy (_IQNmpy)
                                                   _IQ30mpy (_IQNmpy)
                                                   _IQ30rsmpy (_IQNrsmpy)
               calls direct

    -------------------------------------------------------------------------
  LIBRARY MODULE, NAME : ?Mul8Hw

  SEGMENTS IN THE MODULE
  ======================
<CODE> 1 (was CODE)
  Relative segment, address: CF32 - CF4D (0x1c bytes), align: 1
  Segment part 1.
           ENTRY                   ADDRESS         REF BY
           =====                   =======         ======
           ?Mul16Hw                CF32 
           ?Mul16to32uHw           CF32            HMI_guiInputValidation (hmi)
                                                   HMI_update_USSmeasurementConfig (hmi)
                                                   HMI_update_USSpllConfiguration (hmi)
                                                   hal_adc_voltagesupply_readmV (hal_adc)

    -------------------------------------------------------------------------
  LIBRARY MODULE, NAME : ?Mul16to32sHw

  SEGMENTS IN THE MODULE
  ======================
<CODE> 1 (was CODE)
  Relative segment, address: CF16 - CF31 (0x1c bytes), align: 1
  Segment part 0.
           ENTRY                   ADDRESS         REF BY
           =====                   =======         ======
           ?Mul16to32sHw           CF16            Segment part 10 (USS_computeDeltaTOF_estimate)
                                                   USS_computeAbsTOF_lobe_search (USS_computeAbsTOF_lobe)
                                                   _Q12rmpy (_QNrmpy)

    -------------------------------------------------------------------------
  LIBRARY MODULE, NAME : ?Mul32Hw32

  SEGMENTS IN THE MODULE
  ======================
<CODE> 1 (was CODE)
  Relative segment, address: CBB8 - CBDB (0x24 bytes), align: 1
  Segment part 0.
           ENTRY                   ADDRESS         REF BY
           =====                   =======         ======
           ?Mul32Hw32              CBB8            HMI_guiInputValidation (hmi)
                                                   HMI_updateUSSParameters (hmi)
                                                   HMI_update_USSpllConfiguration (hmi)
                                                   Segment part 4 (USS_computeDeltaTOF_estimate)
                                                   Segment part 41 (ussSwLibAlgorithms)
                                                   USS_computeDeltaTOF_estimate (USS_computeDeltaTOF_estimate)
                                                   hal_adc_voltagesupply_readmV (hal_adc)
                                                   mathematics_CalcPercentage (mathematics)

    -------------------------------------------------------------------------
  LIBRARY MODULE, NAME : ?Mul32u32uto64iHw32

  SEGMENTS IN THE MODULE
  ======================
<CODE> 1 (was CODE)
  Relative segment, address: C9CC - C9F7 (0x2c bytes), align: 1
  Segment part 0.
           ENTRY                   ADDRESS         REF BY
           =====                   =======         ======
           ?Mul32u32uto64iHw32     C9CC            ?Subroutine0 (ussSwLibCommonSAPH)
                                                   _Mul32s32sto64i (?mul32s32sto64i)

    -------------------------------------------------------------------------
  LIBRARY MODULE, NAME : ?round

  SEGMENTS IN THE MODULE
  ======================
<CODE> 1 (was CODE)
  Relative segment, address: BDE4 - BE31 (0x4e bytes), align: 1
  Segment part 2.
           ENTRY                   ADDRESS         REF BY
           =====                   =======         ======
           round                   BDE4            timeToPLLCycles (hmi)
               calls direct

    -------------------------------------------------------------------------
  LIBRARY MODULE, NAME : ?strlen

  SEGMENTS IN THE MODULE
  ======================
<CODE> 1 (was CODE)
  Relative segment, address: CDFE - CE1D (0x20 bytes), align: 1
  Segment part 2.
           ENTRY                   ADDRESS         REF BY
           =====                   =======         ======
           strlen                  CDFE            hal_lcd_displayScrollText (hal_lcd)

    -------------------------------------------------------------------------
  LIBRARY MODULE, NAME : ?xdint

  SEGMENTS IN THE MODULE
  ======================
<CODE> 1 (was CODE)
  Relative segment, address: AEB2 - AF3B (0x8a bytes), align: 1
  Segment part 2.
           ENTRY                   ADDRESS         REF BY
           =====                   =======         ======
           __iar_Dint              AEB2            round (?round)

    *************************************************************************

  FILE NAME : C:\Program Files (x86)\IAR Systems\Embedded Workbench 8.0\430\lib\MathLib\MSPMATHLIB_IAR_msp430_CPUX_large_code_large_data.lib
  PROGRAM MODULE, NAME : msp430_tables

  SEGMENTS IN THE MODULE
  ======================
DATA20_C
  Relative segment, address: DC0C - DCCB (0xc0 bytes), align: 1
  Segment part 18.
           ENTRY                   ADDRESS         REF BY
           =====                   =======         ======
           msp430_sqrt_lookup      DC0C            msp430_calc_sqrt (msp430_common)

    -------------------------------------------------------------------------
  PROGRAM MODULE, NAME : msp430_common

  SEGMENTS IN THE MODULE
  ======================
<CODE> 1 (was CODE)
  Relative segment, address: 9816 - 9913 (0xfe bytes), align: 1
  Segment part 3.
           ENTRY                   ADDRESS         REF BY
           =====                   =======         ======
           msp430_calc_sqrt        9816            sqrtf (msp430_sqrt)

    -------------------------------------------------------------------------
  PROGRAM MODULE, NAME : msp430_sqrt

  SEGMENTS IN THE MODULE
  ======================
<CODE> 1 (was CODE)
  Relative segment, address: 9BFC - 9CE3 (0xe8 bytes), align: 1
  Segment part 2.
           ENTRY                   ADDRESS         REF BY
           =====                   =======         ======
           sqrtf                   9BFC            mathematics_CalcStDevflt (mathematics)
               calls direct




                ****************************************
                *                                      *
                *      SEGMENTS IN ADDRESS ORDER       *
                *                                      *
                ****************************************


SEGMENT              SPACE    START ADDRESS   END ADDRESS     SIZE  TYPE  ALIGN
=======              =====    =============   ===========     ====  ====  =====
DATA16_AN                              0102 - 0103               2   rel    0
                                       0130 - 0131               2 
                                       015C - 015D               2 
                                       0160 - 0161               2 
                                       016A - 016B               2 
                                       019E - 019F               2 
                                       0202 - 0205               4 
                                       04C2 - 04C3               2 
                                       04C6 - 04CD               8 
                                       04D0 - 04D7               8 
                                       04E0 - 04E3               4 
                                       04E8 - 04ED               6 
                                       050E - 050F               2 
                                       05FE - 05FF               2 
                                       066E - 066F               2 
                                       0818 - 0819               2 
                                       0A84 - 0A8F               C 
                                       0A94 - 0A97               4 
                                       0A9C - 0A9F               4 
                                       0AC0 - 0AD3              14 
                                       0AF4 - 0AFB               8 
                                       0E00 - 0E01               2 
                                       0E80 - 0E81               2 
                                       0E84 - 0E89               6 
                                       0E90 - 0E9F              10 
                                       0EA4 - 0EA9               6 
                                       0EC0 - 0EC1               2 
                                       0EC6 - 0EC9               4 
                                       0ED0 - 0ED1               2 
                                       0EE0 - 0EE1               2 
                                       0EE4 - 0EE9               6 
                                       0EF0 - 0EF3               4 
CODE_I                                    1C00                       rel    1
DATA20_I                               1C00 - 1C06               7   rel    1
DATA20_Z                               1C08 - 24A8             8A1   rel    1
DATA20_N                                  24AA                       rel    1
CSTACK                                 2A00 - 2BFF             200   rel    1
LEARAM                                 2C00 - 3633             A34   rel    2
DATA16_P                                  4000                       dse    0
DATA20_P                               4000 - 5048            1049   rel    1
CSTART                                 504A - 5081              38   rel    1
ISR_CODE                               5082 - 542B             3AA   rel    1
<CODE> 1                               542C - D6CD            82A2   rel    1
DATA20_C                               D6CE - DE48             77B   rel    1
DATA20_ID                              DE4A - DE50               7   rel    1
CODE_ID                                   DE52                       rel    1
INTVEC                                 FF90 - FFEF              60   com    1
RESET                                  FFFE - FFFF               2   rel    1
VERSION                            00043FF0 - 00043FF7           8   rel    0
LIB_VERSION                        00043FF8 - 00043FFF           8   rel    0

                ****************************************
                *                                      *
                *        END OF CROSS REFERENCE        *
                *                                      *
                ****************************************

 34 534 bytes of CODE  memory
  5 340 bytes of DATA  memory (+ 152 absolute )
  6 107 bytes of CONST memory

Errors: none
Warnings: none

