******************************************************************************
                  MSP430 Linker PC v21.6.1                     
******************************************************************************
>> Linked Wed Jun 25 23:40:14 2025

OUTPUT FILE NAME:   <MSP430FR6047EVM_USS_Water_Demo.out>
ENTRY POINT SYMBOL: "_c_int00_noargs_mpu"  address: 000053d8


MEMORY CONFIGURATION

         name            origin    length      used     unused   attr    fill
----------------------  --------  ---------  --------  --------  ----  --------
  TINYRAM               0000000a   00000016  00000010  00000006  RWIX
  BSL                   00001000   00000800  00000000  00000800  RWIX
  CAL_CONF              00001900   00000100  00000000  00000100  RWIX
  TLVMEM                00001a00   00000100  00000000  00000100  RWIX
  BOOTROM               00001b00   00000100  00000000  00000100  RWIX
  RAM                   00001c00   00001000  00000b89  00000477  RWIX
  LEARAM                00002c00   00000ec8  00000a34  00000494  RWIX
  LEASTACK              00003ac8   00000138  00000000  00000138  RWIX
  FRAM                  00004000   0000bf80  000024f6  00009a8a  RWIX
  JTAGSIGNATURE         0000ff80   00000004  00000004  00000000  RWIX  ffff 
  BSLSIGNATURE          0000ff84   00000004  00000004  00000000  RWIX  ffff 
  IPESIGNATURE          0000ff88   00000008  00000008  00000000  RWIX  ffff 
  INT00                 0000ff90   00000002  00000000  00000002  RWIX
  INT01                 0000ff92   00000002  00000000  00000002  RWIX
  INT02                 0000ff94   00000002  00000000  00000002  RWIX
  INT03                 0000ff96   00000002  00000000  00000002  RWIX
  INT04                 0000ff98   00000002  00000000  00000002  RWIX
  INT05                 0000ff9a   00000002  00000000  00000002  RWIX
  INT06                 0000ff9c   00000002  00000000  00000002  RWIX
  INT07                 0000ff9e   00000002  00000000  00000002  RWIX
  INT08                 0000ffa0   00000002  00000000  00000002  RWIX
  INT09                 0000ffa2   00000002  00000000  00000002  RWIX
  INT10                 0000ffa4   00000002  00000000  00000002  RWIX
  INT11                 0000ffa6   00000002  00000000  00000002  RWIX
  INT12                 0000ffa8   00000002  00000000  00000002  RWIX
  INT13                 0000ffaa   00000002  00000000  00000002  RWIX
  INT14                 0000ffac   00000002  00000002  00000000  RWIX
  INT15                 0000ffae   00000002  00000002  00000000  RWIX
  INT16                 0000ffb0   00000002  00000002  00000000  RWIX
  INT17                 0000ffb2   00000002  00000002  00000000  RWIX
  INT18                 0000ffb4   00000002  00000002  00000000  RWIX
  INT19                 0000ffb6   00000002  00000002  00000000  RWIX
  INT20                 0000ffb8   00000002  00000002  00000000  RWIX
  INT21                 0000ffba   00000002  00000002  00000000  RWIX
  INT22                 0000ffbc   00000002  00000002  00000000  RWIX
  INT23                 0000ffbe   00000002  00000002  00000000  RWIX
  INT24                 0000ffc0   00000002  00000002  00000000  RWIX
  INT25                 0000ffc2   00000002  00000002  00000000  RWIX
  INT26                 0000ffc4   00000002  00000002  00000000  RWIX
  INT27                 0000ffc6   00000002  00000002  00000000  RWIX
  INT28                 0000ffc8   00000002  00000002  00000000  RWIX
  INT29                 0000ffca   00000002  00000002  00000000  RWIX
  INT30                 0000ffcc   00000002  00000002  00000000  RWIX
  INT31                 0000ffce   00000002  00000002  00000000  RWIX
  INT32                 0000ffd0   00000002  00000002  00000000  RWIX
  INT33                 0000ffd2   00000002  00000002  00000000  RWIX
  INT34                 0000ffd4   00000002  00000002  00000000  RWIX
  INT35                 0000ffd6   00000002  00000002  00000000  RWIX
  INT36                 0000ffd8   00000002  00000002  00000000  RWIX
  INT37                 0000ffda   00000002  00000002  00000000  RWIX
  INT38                 0000ffdc   00000002  00000002  00000000  RWIX
  INT39                 0000ffde   00000002  00000002  00000000  RWIX
  INT40                 0000ffe0   00000002  00000002  00000000  RWIX
  INT41                 0000ffe2   00000002  00000002  00000000  RWIX
  INT42                 0000ffe4   00000002  00000002  00000000  RWIX
  INT43                 0000ffe6   00000002  00000002  00000000  RWIX
  INT44                 0000ffe8   00000002  00000002  00000000  RWIX
  INT45                 0000ffea   00000002  00000002  00000000  RWIX
  INT46                 0000ffec   00000002  00000002  00000000  RWIX
  INT47                 0000ffee   00000002  00000002  00000000  RWIX
  INT48                 0000fff0   00000002  00000002  00000000  RWIX
  INT49                 0000fff2   00000002  00000002  00000000  RWIX
  INT50                 0000fff4   00000002  00000002  00000000  RWIX
  INT51                 0000fff6   00000002  00000002  00000000  RWIX
  INT52                 0000fff8   00000002  00000002  00000000  RWIX
  INT53                 0000fffa   00000002  00000002  00000000  RWIX
  INT54                 0000fffc   00000002  00000002  00000000  RWIX
  RESET                 0000fffe   00000002  00000002  00000000  RWIX
  FRAM2                 00010000   00033ff8  0000c22c  00027dcc  RWIX


SECTION ALLOCATION MAP

 output                                  attributes/
section   page    origin      length       input sections
--------  ----  ----------  ----------   ----------------
.TI.persistent 
*          0    00004000    00000d78     
                  00004000    00000a50     USS_userConfig.obj (.TI.persistent:gNVMemBlock)
                  00004a50    0000008a     USS_userConfig.obj (.TI.persistent:ussAlgConfig)
                  00004ada    0000005a     hmi.obj (.TI.persistent:gHMI)
                  00004b34    0000004a     results.obj (.TI.persistent:g_ResultsOfLastMeasurement)
                  00004b7e    0000003f     hmi.obj (.TI.persistent:gstxPacket)
                  00004bbd    0000003f     comm.obj (.TI.persistent:packet)
                  00004bfc    00000038     USS_Lib_HAL.obj (.TI.persistent)
                  00004c34    00000030     USS_userConfig.obj (.TI.persistent:gUSSHilbertCoeffs)
                  00004c64    0000002a     lcd_statemachine.obj (.TI.persistent:displayData)
                  00004c8e    00000024     USS_userConfig.obj (.TI.persistent:ussAlgorithmMeterConstCalib)
                  00004cb2    00000022     USS_userConfig.obj (.TI.persistent:gUssSWConfig)
                  00004cd4    00000022     USS_userConfig.obj (.TI.persistent:ussMeasurementConfig)
                  00004cf6    0000001a     USS_userConfig.obj (.TI.persistent:ussCaptureConfig)
                  00004d10    00000014     USS_userConfig.obj (.TI.persistent:ussPulseConfig)
                  00004d24    00000010     mathematics.obj (.TI.persistent)
                  00004d34    00000010     USS_userConfig.obj (.TI.persistent:ussMeterConfig)
                  00004d44    0000000c     lcd_statemachine.obj (.TI.persistent:g_lcd_statemachine)
                  00004d50    0000000c     USS_userConfig.obj (.TI.persistent:ussPLLConfig)
                  00004d5c    0000000c     USS_userConfig.obj (.TI.persistent:ussSystemConfig)
                  00004d68    00000006     USS_userConfig.obj (.TI.persistent:ussAlgorithmVolumeFlowObj)
                  00004d6e    00000004     USS_userConfig.obj (.TI.persistent:singDualToneConfig)
                  00004d72    00000002     USS_App_userConfig.obj (.TI.persistent:USS_App_userConfig)
                  00004d74    00000002     USS_userConfig.obj (.TI.persistent:ussInterruptConfig)
                  00004d76    00000002     USS_userConfig.obj (.TI.persistent:ussTriggerConfig)

.binit     0    00004000    00000000     

.cio       0    00004d78    00000000     UNINITIALIZED

.sysmem    0    00004d78    00000000     UNINITIALIZED

.ipestruct 
*          0    00005000    00000000     UNINITIALIZED

.ipe       0    00005000    00000000     UNINITIALIZED

.ipe_const 
*          0    00005000    00000000     UNINITIALIZED

.ipe:_isr 
*          0    00005000    00000000     UNINITIALIZED

.cinit     0    000064aa    0000004c     
                  000064aa    0000001c     (.cinit..data.load) [load image, compression = lzss]
                  000064c6    0000000c     (__TI_handler_table)
                  000064d2    00000006     (.cinit..bss.load) [load image, compression = zero_init]
                  000064d8    00000006     (.cinit..leaRAM.load) [load image, compression = zero_init]
                  000064de    00000018     (__TI_cinit_table)

.init_array 
*          0    00004000    00000000     UNINITIALIZED

.text:_isr 
*          0    00005000    00000432     
                  00005000    00000136     i2cslave.obj (.text:_isr:I2CSlave_ISR)
                  00005136    0000009e     USS_Lib_HAL.obj (.text:_isr:ISR_SDHS)
                  000051d4    0000006a     USS_Lib_HAL.obj (.text:_isr:ISR_SAPH)
                  0000523e    00000052     USS_Lib_HAL.obj (.text:_isr:ISR_UUPS)
                  00005290    00000044     hal_adc.obj (.text:_isr:ADC12_ISR)
                  000052d4    00000030     hal_uart.obj (.text:_isr:USCI_A0_ISR)
                  00005304    0000002a     USS_Lib_HAL.obj (.text:_isr:USSLIB_HAL_TIMER_INT_CCRn)
                  0000532e    00000024     USS_Lib_HAL.obj (.text:_isr:ISR_HSPLL)
                  00005352    00000022     timeout.obj (.text:_isr:FunctionTimer_A_ISR)
                  00005374    00000022     timeout.obj (.text:_isr:FunctionTimer_B_ISR)
                  00005396    00000022     USS_Lib_HAL.obj (.text:_isr:USSLIB_HAL_TIMER_INT)
                  000053b8    00000020     USS_Lib_HAL.obj (.text:_isr:USS_LEA_ISR)
                  000053d8    00000020     rts430x_lc_ld_eabi.lib : boot.c.obj (.text:_isr:_c_int00_noargs_mpu)
                  000053f8    0000001e     hal_uart.obj (.text:_isr:hal_uart_ISR)
                  00005416    0000000a     USS_Lib_HAL.obj (.text:_isr:DMA_HSPLL)
                  00005420    0000000a     hal_uart.obj (.text:_isr:Timer_A_ISR)
                  0000542a    00000008     rts430x_lc_ld_eabi.lib : isr_trap.asm.obj (.text:_isr:__TI_ISR_TRAP)

.bss       0    00001c00    000007a4     UNINITIALIZED
                  00001c00    00000320     (.common:Comm_transmitBuffer)
                  00001f20    00000280     (.common:Comm_i2cSlaveRxBuffer)
                  000021a0    00000100     (.common:gUSSAlgObject)
                  000022a0    00000080     (.common:rxBuffer)
                  00002320    00000040     (.common:Comm_receiveBuffer)
                  00002360    00000012     hal_adc.obj (.bss)
                  00002372    0000000a     (.common:Comm_receiveQueue)
                  0000237c    00000004     (.common:DC_User_Params)
                  00002380    00000004     (.common:USSSWLIB_USS_interrupt_status)
                  00002384    00000004     (.common:gRXUpdateFlag)
                  00002388    00000004     (.common:g_pFunctionTimer)
                  0000238c    00000004     (.common:g_pI2CSlavePort)
                  00002390    00000004     (.common:g_pI2CTransmitBuffer)
                  00002394    00000002     USS_SW_CCS_large_code_large_data.lib : ussSwLibAlgorithms.obj (.bss)
                  00002396    00000002     (.common:USSSWLIB_USS_measurementPeriod)
                  00002398    00000002     (.common:USS_LEA_IFG)
                  0000239a    00000002     (.common:g_ui16I2CIndex)
                  0000239c    00000002     (.common:g_ui16I2CLength)
                  0000239e    00000002     (.common:i16max_amplitude)
                  000023a0    00000002     (.common:state)
                  000023a2    00000001     hal_uart.obj (.bss)
                  000023a3    00000001     (.common:g_bI2CSlaveRequestPending)

.data      0    000023a4    000001e5     UNINITIALIZED
                  000023a4    000000ea     comm_config.obj (.data:Comm_listenerTable)
                  0000248e    00000072     ussDCCommandHandlers.obj (.data:gCommandHandler)
                  00002500    00000050     hal_uart.obj (.data:sm)
                  00002550    0000001e     hal_lcd.obj (.data:LCDMemMap)
                  0000256e    00000008     cs.obj (.data)
                  00002576    00000006     comm_config.obj (.data:Comm_listenerConfig)
                  0000257c    00000006     hal_uart.obj (.data)
                  00002582    00000002     packet.obj (.data)
                  00002584    00000002     results.obj (.data)
                  00002586    00000002     rts430x_lc_ld_eabi.lib : errno.c.obj (.data)
                  00002588    00000001     i2cslave.obj (.data)

.stack     0    00002a00    00000200     UNINITIALIZED
                  00002a00    00000004     rts430x_lc_ld_eabi.lib : boot.c.obj (.stack)
                  00002a04    000001fc     --HOLE--

.leaRAM    0    00002c00    00000a34     UNINITIALIZED
                  00002c00    000009d4     USS_userConfig.obj (.leaRAM)
                  000035d4    00000040     USS_SW_CCS_large_code_large_data.lib : ussSwLibAlgorithms.obj (.leaRAM)
                  00003614    00000018                                          : USS_lea.obj (.leaRAM)
                  0000362c    00000008                                          : USS_math.obj (.leaRAM)

.libVersion 
*          0    0000000a    00000008     
                  0000000a    00000008     USS_SW_CCS_large_code_large_data.lib : ussSwLibCommonAlgorithms.obj (.libVersion:retain)

.version   0    00000012    00000008     
                  00000012    00000008     main.obj (.version:retain)

.const     0    00005432    00000840     
                  00005432    00000400     USS_userConfig.obj (.const:gUSSAbsToFLUT)
                  00005832    00000140     hal_uart.obj (.const:.string)
                  00005972    00000101     rts430x_lc_ld_eabi.lib : ctype.c.obj (.const:.string:_ctypes_)
                  00005a73    00000001     --HOLE-- [fill = 0]
                  00005a74    00000100     QmathLib_CCS_MPY32_5xx_6xx_CPUX_large_code_large_data.lib : _QNtables.o (.const:_Q16div_coeffs)
                  00005b74    00000041     IQmathLib_CCS_MPY32_5xx_6xx_CPUX_large_code_large_data.lib : _IQNtables.o (.const:.string:_IQ6div_lookup)
                  00005bb5    00000001     --HOLE-- [fill = 0]
                  00005bb6    00000026     rts430x_lc_ld_eabi.lib : _printfi.c.obj (.const:.string)
                  00005bdc    0000001c     gpio.obj (.const:GPIO_PORT_TO_BASE)
                  00005bf8    0000001b     ussDCCommandHandlers.obj (.const:.string:$P$T0$1)
                  00005c13    00000001     --HOLE-- [fill = 0]
                  00005c14    00000014     hal_lcd.obj (.const:digitTable__sy)
                  00005c28    00000010     hal_uart.obj (.const:$P$T1$2)
                  00005c38    00000010     comm.obj (.const:Comm_i2cSlavePort)
                  00005c48    0000000e     hal_uart.obj (.const:$P$T0$1)
                  00005c56    0000000c     i2cslave.obj (.const:g_I2CSlaveFunctionTimer)
                  00005c62    0000000a     hal_adc.obj (.const:$P$T0$1)
                  00005c6c    00000006     i2cslave.obj (.const:g_I2CSlaveConfiguration)

$fill000   0    0000ff80    00000004     
                  0000ff80    00000004     --HOLE-- [fill = ffff]

$fill001   0    0000ff84    00000004     
                  0000ff84    00000004     --HOLE-- [fill = ffff]

$fill002   0    0000ff88    00000008     
                  0000ff88    00000008     --HOLE-- [fill = ffff]

SDHS       0    0000ffac    00000002     
                  0000ffac    00000002     USS_Lib_HAL.obj (.int14)

SAPH       0    0000ffae    00000002     
                  0000ffae    00000002     USS_Lib_HAL.obj (.int15)

HSPLL      0    0000ffb0    00000002     
                  0000ffb0    00000002     USS_Lib_HAL.obj (.int16)

UUPS       0    0000ffb2    00000002     
                  0000ffb2    00000002     USS_Lib_HAL.obj (.int17)

LEA        0    0000ffb4    00000002     
                  0000ffb4    00000002     USS_Lib_HAL.obj (.int18)

PORT9      0    0000ffb6    00000002     
                  0000ffb6    00000002     rts430x_lc_ld_eabi.lib : int19.asm.obj (.int19)

PORT8      0    0000ffb8    00000002     
                  0000ffb8    00000002     rts430x_lc_ld_eabi.lib : int20.asm.obj (.int20)

PORT7      0    0000ffba    00000002     
                  0000ffba    00000002     rts430x_lc_ld_eabi.lib : int21.asm.obj (.int21)

EUSCI_B1   0    0000ffbc    00000002     
                  0000ffbc    00000002     rts430x_lc_ld_eabi.lib : int22.asm.obj (.int22)

EUSCI_A3   0    0000ffbe    00000002     
                  0000ffbe    00000002     rts430x_lc_ld_eabi.lib : int23.asm.obj (.int23)

EUSCI_A2   0    0000ffc0    00000002     
                  0000ffc0    00000002     rts430x_lc_ld_eabi.lib : int24.asm.obj (.int24)

PORT6      0    0000ffc2    00000002     
                  0000ffc2    00000002     rts430x_lc_ld_eabi.lib : int25.asm.obj (.int25)

PORT5      0    0000ffc4    00000002     
                  0000ffc4    00000002     rts430x_lc_ld_eabi.lib : int26.asm.obj (.int26)

TIMER4_A1 
*          0    0000ffc6    00000002     
                  0000ffc6    00000002     rts430x_lc_ld_eabi.lib : int27.asm.obj (.int27)

TIMER4_A0 
*          0    0000ffc8    00000002     
                  0000ffc8    00000002     rts430x_lc_ld_eabi.lib : int28.asm.obj (.int28)

AES256     0    0000ffca    00000002     
                  0000ffca    00000002     rts430x_lc_ld_eabi.lib : int29.asm.obj (.int29)

RTC_C      0    0000ffcc    00000002     
                  0000ffcc    00000002     rts430x_lc_ld_eabi.lib : int30.asm.obj (.int30)

LCD_C      0    0000ffce    00000002     
                  0000ffce    00000002     rts430x_lc_ld_eabi.lib : int31.asm.obj (.int31)

PORT4      0    0000ffd0    00000002     
                  0000ffd0    00000002     rts430x_lc_ld_eabi.lib : int32.asm.obj (.int32)

PORT3      0    0000ffd2    00000002     
                  0000ffd2    00000002     rts430x_lc_ld_eabi.lib : int33.asm.obj (.int33)

TIMER3_A1 
*          0    0000ffd4    00000002     
                  0000ffd4    00000002     rts430x_lc_ld_eabi.lib : int34.asm.obj (.int34)

TIMER3_A0 
*          0    0000ffd6    00000002     
                  0000ffd6    00000002     rts430x_lc_ld_eabi.lib : int35.asm.obj (.int35)

PORT2      0    0000ffd8    00000002     
                  0000ffd8    00000002     rts430x_lc_ld_eabi.lib : int36.asm.obj (.int36)

TIMER2_A1 
*          0    0000ffda    00000002     
                  0000ffda    00000002     timeout.obj (.int37)

TIMER2_A0 
*          0    0000ffdc    00000002     
                  0000ffdc    00000002     timeout.obj (.int38)

PORT1      0    0000ffde    00000002     
                  0000ffde    00000002     rts430x_lc_ld_eabi.lib : int39.asm.obj (.int39)

TIMER1_A1 
*          0    0000ffe0    00000002     
                  0000ffe0    00000002     USS_Lib_HAL.obj (.int40)

TIMER1_A0 
*          0    0000ffe2    00000002     
                  0000ffe2    00000002     USS_Lib_HAL.obj (.int41)

DMA        0    0000ffe4    00000002     
                  0000ffe4    00000002     USS_Lib_HAL.obj (.int42)

EUSCI_A1   0    0000ffe6    00000002     
                  0000ffe6    00000002     hal_uart.obj (.int43)

TIMER0_A1 
*          0    0000ffe8    00000002     
                  0000ffe8    00000002     rts430x_lc_ld_eabi.lib : int44.asm.obj (.int44)

TIMER0_A0 
*          0    0000ffea    00000002     
                  0000ffea    00000002     hal_uart.obj (.int45)

ADC12_B    0    0000ffec    00000002     
                  0000ffec    00000002     hal_adc.obj (.int46)

EUSCI_B0   0    0000ffee    00000002     
                  0000ffee    00000002     i2cslave.obj (.int47)

EUSCI_A0   0    0000fff0    00000002     
                  0000fff0    00000002     hal_uart.obj (.int48)

WDT        0    0000fff2    00000002     
                  0000fff2    00000002     rts430x_lc_ld_eabi.lib : int49.asm.obj (.int49)

TIMER0_B1 
*          0    0000fff4    00000002     
                  0000fff4    00000002     rts430x_lc_ld_eabi.lib : int50.asm.obj (.int50)

TIMER0_B0 
*          0    0000fff6    00000002     
                  0000fff6    00000002     rts430x_lc_ld_eabi.lib : int51.asm.obj (.int51)

COMP_E     0    0000fff8    00000002     
                  0000fff8    00000002     rts430x_lc_ld_eabi.lib : int52.asm.obj (.int52)

UNMI       0    0000fffa    00000002     
                  0000fffa    00000002     rts430x_lc_ld_eabi.lib : int53.asm.obj (.int53)

SYSNMI     0    0000fffc    00000002     
                  0000fffc    00000002     rts430x_lc_ld_eabi.lib : int54.asm.obj (.int54)

.reset     0    0000fffe    00000002     
                  0000fffe    00000002     rts430x_lc_ld_eabi.lib : boot.c.obj (.reset)

.USS_ramfunc 
*          0    00005c72    00000838     
                  00005c72    000001e2     USS_SW_CCS_large_code_large_data.lib : USS_math.obj (.USS_ramfunc:USS_iq30Atan2)
                  00005e54    00000178                                          : USS_computeAbsTOF_lobe.obj (.USS_ramfunc:USS_computeAbsTOF_lobe_track)
                  00005fcc    00000104                                          : USS_support_lea.obj (.USS_ramfunc:USS_corr3)
                  000060d0    000000fc                                          : USS_math.obj (.USS_ramfunc:USS_iq31Div)
                  000061cc    000000d6                                          : USS_cosInterpolation.obj (.USS_ramfunc:USS_cosInterpolation)
                  000062a2    000000c4                                          : USS_math.obj (.USS_ramfunc:USS_iq31toiq29Asin)
                  00006366    00000092                                          : USS_math.obj (.USS_ramfunc:USS_iq31Cos)
                  000063f8    00000058                                          : USS_computeAbsTOF_lobe.obj (.USS_ramfunc:USS_computeAbsTOF_lobe)
                  00006450    0000003c                                          : USS_support_lea.obj (.USS_ramfunc:USS_runWindow)
                  0000648c    0000001e                                          : USS_support_lea.obj (.USS_ramfunc:USS_runParabolicInterpolation)

.text      0    00010000    0000c22c     
                  00010000    0000072a     rts430x_lc_ld_eabi.lib : addd.c.obj (.text:__mspabi_addd)
                  0001072a    000004d2     USS_SW_CCS_large_code_large_data.lib : USS_computeDeltaTOF_estimate.obj (.text:USS_computeDeltaTOF_estimate)
                  00010bfc    000004c2                                          : USS_init.obj (.text:USS_init)
                  000110be    00000468     rts430x_lc_ld_eabi.lib : frcdivd.c.obj (.text:__TI_frcdivd)
                  00011526    0000034e                            : div64u.c.obj (.text:__mspabi_divull)
                  00011874    000002ec     USS_SW_CCS_large_code_large_data.lib : ussSwLibAlgorithms.obj (.text:USS_initAlgorithms)
                  00011b60    000002de     rts430x_lc_ld_eabi.lib : _printfi.c.obj (.text:__TI_printfi:_setfield___TI_printfi)
                  00011e3e    000002dc                            : e_sqrt.c.obj (.text:sqrt)
                  0001211a    000002ae                            : _printfi.c.obj (.text:__TI_printfi:__TI_printfi)
                  000123c8    00000298     hmi.obj (.text:HMI_guiInputValidation)
                  00012660    00000292     rts430x_lc_ld_eabi.lib : mpyd.c.obj (.text:__mspabi_mpyd)
                  000128f2    00000278     ussSwLibCommonSAPH.obj (.text:commonValidateSAPHconfigruation)
                  00012b6a    00000268     rts430x_lc_ld_eabi.lib : _printfi.c.obj (.text:_pproc_fgea)
                  00012dd2    00000244     USS_SW_CCS_large_code_large_data.lib : USS_computeAbsTOF_lobe.obj (.text:USS_computeAbsTOF_lobe_search)
                  00013016    00000226                                          : USS_computeDeltaTOF_estimate.obj (.text:USS_runSampleCorrection)
                  0001323c    00000224     rts430x_lc_ld_eabi.lib : _printfi.c.obj (.text:acvt)
                  00013460    0000021c                            : divd.c.obj (.text:__mspabi_divd)
                  0001367c    00000206                            : _printfi.c.obj (.text:__TI_printfi:_getarg_diouxp___TI_printfi)
                  00013882    000001fe     hal_uart.obj (.text:Send_SendATCommands)
                  00013a80    000001ec     USS_SW_CCS_large_code_large_data.lib : ussSwLibAlgorithms.obj (.text:privateRunAlg)
                  00013c6c    000001e8     ussDCCommandHandlers.obj (.text:CommandHandler_registerCmdListeners)
                  00013e54    000001e6     rts430x_lc_ld_eabi.lib : _printfi.c.obj (.text:ecvt)
                  0001403a    000001d4     ussSwLibConfiguration.obj (.text:USS_updateSAPHConfiguration)
                  0001420e    000001d4     IQmathLib_CCS_MPY32_5xx_6xx_CPUX_large_code_large_data.lib : _IQNdiv.o (.text:_IQ21div)
                  000143e2    000001c8     rts430x_lc_ld_eabi.lib : _printfi.c.obj (.text:fcvt)
                  000145aa    000001c4                            : s_floor.c.obj (.text:floor)
                  0001476e    000001b6     USS_SW_CCS_large_code_large_data.lib : ussSwLibAlgorithms.obj (.text:USS_generateMonoDualToneBinaryPattern)
                  00014924    000001aa     rts430x_lc_ld_eabi.lib : _printfi.c.obj (.text:_pconv_e)
                  00014ace    00000198     hmi.obj (.text:HMI_update_USSmeasurementConfig)
                  00014c66    00000190     USS_SW_CCS_large_code_large_data.lib : USS_computeDeltaTOF_estimate.obj (.text:USS_generateWindow)
                  00014df6    0000018e     rts430x_lc_ld_eabi.lib : qsort.c.obj (.text:qsort)
                  00014f84    00000170                            : _printfi.c.obj (.text:_pconv_a)
                  000150f4    00000164     USS_SW_CCS_large_code_large_data.lib : ussSwLibAlgorithms.obj (.text:USS_updateClockRelativeError)
                  00015258    00000164     rts430x_lc_ld_eabi.lib : frcmpyd.c.obj (.text:__TI_frcmpyd)
                  000153bc    00000162     ussSwLibCommonSAPH.obj (.text:commonConfigurePPGDutyCyle)
                  0001551e    0000015e     rts430x_lc_ld_eabi.lib : _printfi.c.obj (.text:__TI_printfi:_ltostr___TI_printfi)
                  0001567c    0000015a                            : s_scalbn.c.obj (.text:scalbn)
                  000157d6    00000148                            : _printfi.c.obj (.text:__TI_printfi:_pproc_diouxp___TI_printfi)
                  0001591e    00000142     hmi.obj (.text:HMI_PostAlgorithm_Update)
                  00015a60    00000138     USS_SW_CCS_large_code_large_data.lib : USS_updateADCParams.obj (.text:USS_updateADCParams)
                  00015b98    00000132     ussDCCommandHandlers.obj (.text:resolveRXFlag)
                  00015cca    00000132     rts430x_lc_ld_eabi.lib : fs_add.asm.obj (.text)
                  00015dfc    00000130     hal_adc.obj (.text:hal_adc_init)
                  00015f2c    0000012e     ussDCCommandHandlers.obj (.text:CommandHandler_transmitCapturePackages)
                  0001605a    00000118     hal_system.obj (.text:hal_system_GPIOInit)
                  00016172    00000114     ussSwLibConfiguration.obj (.text:USS_updateHSPLLConfiguration)
                  00016286    00000114     mathematics.obj (.text:mathematics_FloatToString)
                  0001639a    0000010c     ussDCCommandHandlers.obj (.text:Handler_req_calibration_config_id)
                  000164a6    00000106     rts430x_lc_ld_eabi.lib : s_round.c.obj (.text:round)
                  000165ac    00000104     packet.obj (.text:Packet_extractFromStream)
                  000166b0    000000fc     rts430x_lc_ld_eabi.lib : _printfi.c.obj (.text:_pconv_g)
                  000167ac    000000f8     hmi.obj (.text:HMI_update_USSpllConfiguration)
                  000168a4    000000f2     hal_adc.obj (.text:hal_adc_voltagesupply_readmV)
                  00016996    000000f0     cs.obj (.text:CS_setDCOFreq)
                  00016a86    000000f0     hmi.obj (.text:HMI_update_USSalgorithmsConfig)
                  00016b76    000000ea     rts430x_lc_ld_eabi.lib : _printfi.c.obj (.text:__TI_printfi:_pproc_fwp___TI_printfi)
                  00016c60    000000e2     results.obj (.text:results_Update)
                  00016d42    000000d8     rts430x_lc_ld_eabi.lib : cmpd.c.obj (.text:__mspabi_cmpd)
                  00016e1a    000000d6                            : _printfi.c.obj (.text:__TI_printfi:_pproc_wstr___TI_printfi)
                  00016ef0    000000d4     ussDCCommandHandlers.obj (.text:Handler_mtr_calibration_table_id)
                  00016fc4    000000d0     ussDCCommandHandlers.obj (.text:Handler_calib_linear_constants_id)
                  00017094    000000ca     ussSwLibCommonHSPLL.obj (.text:commonGetHSPLLFreqInHz)
                  0001715e    000000ca     USS_SW_CCS_large_code_large_data.lib : ussSwLibCommonAlgorithms.obj (.text:commonGetPLLFreqInHz)
                  00017228    000000be     QmathLib_CCS_MPY32_5xx_6xx_CPUX_large_code_large_data.lib : _QNdiv.o (.text:_Q15div)
                  000172e6    000000ba     ussSwLibMeasurement.obj (.text:USS_commonTriggerSingleCapture)
                  000173a0    000000ba     USS_SW_CCS_large_code_large_data.lib : ussSwLibAlgorithms.obj (.text:USS_getResultsInFloat)
                  0001745a    000000ba     ussSwLibCommonUSS.obj (.text:commonIsconversionSuccessfull)
                  00017514    000000b8     mathematics.obj (.text:mathematics_CalcStDevflt)
                  000175cc    000000b8     rts430x_lc_ld_eabi.lib : fs_mpy.asm.obj (.text)
                  00017684    000000b6     ussDCCommandHandlers.obj (.text:CommandHandler_transmitResults)
                  0001773a    000000b4     rts430x_lc_ld_eabi.lib : _printfi.c.obj (.text:__TI_printfi:_pproc_str___TI_printfi)
                  000177ee    000000b4                            : _printfi.c.obj (.text:_mcpy)
                  000178a2    000000b2     USS_SW_CCS_large_code_large_data.lib : USS_run.obj (.text:USS_run)
                  00017954    000000b2     rts430x_lc_ld_eabi.lib : cvtdf.c.obj (.text:__mspabi_cvtdf)
                  00017a06    000000b2     USS_SW_CCS_large_code_large_data.lib : ussSwLibAlgorithms.obj (.text:privateGeneratePattern)
                  00017ab8    000000ae                                          : USS_filter.obj (.text:USS_filter)
                  00017b66    000000a6     rts430x_lc_ld_eabi.lib : s_frexp.c.obj (.text:frexp)
                  00017c0c    000000a4     hmi.obj (.text:HMI_reportError_sendErrorMessage)
                  00017cb0    000000a0     hmi.obj (.text:HMI_update_USScaptureConfig)
                  00017d50    0000009e     eusci_a_uart.obj (.text:EUSCI_A_UART_init)
                  00017dee    0000009e     rts430x_lc_ld_eabi.lib : fltlid.c.obj (.text:__mspabi_fltlid)
                  00017e8c    0000009c     USS_SW_CCS_large_code_large_data.lib : ussSwLibAlgorithms.obj (.text:privatePadCaptures)
                  00017f28    00000096     rts430x_lc_ld_eabi.lib : _ltoa.c.obj (.text:__TI_ltoa)
                  00017fbe    00000090                            : _printfi.c.obj (.text:_ecpy)
                  0001804e    00000090     hal_lcd.obj (.text:hal_lcd_Init)
                  000180de    00000090     rts430x_lc_ld_eabi.lib : fs_div.asm.obj (.text)
                  0001816e    0000008a     ussDCCommandHandlers.obj (.text:CommandHandler_updateParams)
                  000181f8    0000008a     ussSwLibVFRCalibFlow.obj (.text:USS_calibrateVFRFlow)
                  00018282    0000008a     USS_SW_CCS_large_code_large_data.lib : USS_computeVolumeFlowRate_water.obj (.text:USS_computeVolumeFlowRate_water)
                  0001830c    00000088     adc12_b.obj (.text:ADC12_B_init)
                  00018394    00000088     USSLibGUIApp.obj (.text:USSLibGUIApp_Init)
                  0001841c    00000086     lcd_c.obj (.text:LCD_C_setPinAsLCDFunctionEx)
                  000184a2    00000082     USS_SW_CCS_large_code_large_data.lib : USS_cosInterpolation.obj (.text:USS_generateOmega)
                  00018524    00000082     ussSwLibConfiguration.obj (.text:USS_updateSDHSConfiguration)
                  000185a6    00000082     ussSwLibCommonUSS.obj (.text:commonUpdateUSSULPbiasDelay)
                  00018628    00000080     IQmathLib_CCS_MPY32_5xx_6xx_CPUX_large_code_large_data.lib : __IQNrsmpy.o (.text:_IQ15rsmpy)
                  000186a8    00000080     rts430x_lc_ld_eabi.lib : fltuld.c.obj (.text:__mspabi_fltuld)
                  00018728    0000007e     ussDCCommandHandlers.obj (.text:CommandHandler_transmitCaptures)
                  000187a6    0000007e     hmi.obj (.text:HMI_PreMeasurement_Update)
                  00018824    0000007e     IQmathLib_CCS_MPY32_5xx_6xx_CPUX_large_code_large_data.lib : __IQNrsmpy.o (.text:_IQ19rsmpy)
                  000188a2    0000007e     rts430x_lc_ld_eabi.lib : fs_tol.asm.obj (.text)
                  00018920    0000007c     USSLibGUIApp.obj (.text:USSLibGUIApp_Engine)
                  0001899c    0000007c     IQmathLib_CCS_MPY32_5xx_6xx_CPUX_large_code_large_data.lib : __IQNrsmpy.o (.text:_IQ30rsmpy)
                  00018a18    0000007a     ussSwLibCommonSDHS.obj (.text:commonValidateSDHSconfigruation)
                  00018a92    0000007a     lcd_statemachine.obj (.text:lcd_statemachine_stateUpdate)
                  00018b0c    00000078     rts430x_lc_ld_eabi.lib : autoinit.c.obj (.text:__TI_auto_init_nobinit_nopinit_hold_wdt:__TI_auto_init_nobinit_nopinit_hold_wdt)
                  00018b84    00000078                            : _printfi.c.obj (.text:_pconv_f)
                  00018bfc    00000078     lcd_statemachine.obj (.text:lcd_satemachine_srollState)
                  00018c74    00000078     mathematics.obj (.text:mathematics_CalcMedian3of5)
                  00018cec    00000078     mathematics.obj (.text:mathematics_CalcPercentage)
                  00018d64    00000078     rts430x_lc_ld_eabi.lib : snprintf.c.obj (.text:snprintf)
                  00018ddc    00000076     timer_a.obj (.text:Timer_A_initUpMode)
                  00018e52    00000076     rts430x_lc_ld_eabi.lib : copy_decompress_lzss.c.obj (.text:decompress:lzss:__TI_decompress_lzss)
                  00018ec8    00000074     ussSwLibVFRCalibFlow.obj (.text:USS_findMeterConstantRange)
                  00018f3c    00000074     USS_SW_CCS_large_code_large_data.lib : ussSwLibAlgorithms.obj (.text:USS_runAlgorithmsFixedPoint)
                  00018fb0    00000074     mathematics.obj (.text:mathematics_CalcAverageflt)
                  00019024    00000072     IQmathLib_CCS_MPY32_5xx_6xx_CPUX_large_code_large_data.lib : _IQNtoF.o (.text:_IQ16toF)
                  00019096    00000072                                                                : _IQNtoF.o (.text:_IQ21toF)
                  00019108    00000072                                                                : _IQNtoF.o (.text:_IQ27toF)
                  0001917a    00000072                                                                : _IQNtoF.o (.text:_IQ30toF)
                  000191ec    00000070     testing.obj (.text:Testing_PostMeasurement_Update)
                  0001925c    0000006e     ussDCCommandHandlers.obj (.text:Handler_app_version)
                  000192ca    0000006c     USSLibGUIApp.obj (.text:USSLibGUIApp_ReInitialize)
                  00019336    0000006c     ussSwLibMeasurement.obj (.text:USS_startLowPowerUltrasonicCapture)
                  000193a2    0000006c     rts430x_lc_ld_eabi.lib : snprintf.c.obj (.text:_outs)
                  0001940e    0000006a     ussSwLibCommonTimer.obj (.text:commonTimerGenerateLowPowerDelay)
                  00019478    0000006a     results.obj (.text:results_Reset)
                  000194e2    00000068     gpio.obj (.text:GPIO_setAsPeripheralModuleFunctionInputPin)
                  0001954a    00000068     rts430x_lc_ld_eabi.lib : fixdul.c.obj (.text:__mspabi_fixdul)
                  000195b2    00000068                            : fs_toi.asm.obj (.text)
                  0001961a    00000068     hmi.obj (.text:timeToPLLCycles)
                  00019682    00000066     rts430x_lc_ld_eabi.lib : fixdli.c.obj (.text:__mspabi_fixdli)
                  000196e8    00000066     USS_SW_CCS_large_code_large_data.lib : ussSwLibCommonAlgorithms.obj (.text:commonValidateAlgorithmsConfiguration)
                  0001974e    00000066     hal_uart.obj (.text:hal_uart_Init)
                  000197b4    00000064     rts430x_lc_ld_eabi.lib : cvtfd.c.obj (.text:__mspabi_cvtfd)
                  00019818    00000064     mathematics.obj (.text:mathematics_IntToStr)
                  0001987c    00000062     rts430x_lc_ld_eabi.lib : atoi.c.obj (.text:atoi)
                  000198de    00000060     USS_SW_CCS_large_code_large_data.lib : ussSwLibCommonAlgorithms.obj (.text:commonValidateMeterConstantConfiguration)
                  0001993e    00000060     hal_lcd.obj (.text:hal_lcd_showCharwPoint)
                  0001999e    00000060     hal_system.obj (.text:hal_system_ButtonsCheck)
                  000199fe    0000005e     ussDCCommandHandlers.obj (.text:Handler_f1_and_f2)
                  00019a5c    0000005e     listener.obj (.text:Listener_registerListener)
                  00019aba    0000005e     USS_SW_CCS_large_code_large_data.lib : USS_support_lea.obj (.text:USS_addOffset)
                  00019b18    0000005e                                          : USS_support_lea.obj (.text:USS_lea_invokeCommand)
                  00019b76    0000005e                                          : USS_support_lea.obj (.text:USS_scaleSamples)
                  00019bd4    0000005e     ussDCCommandHandlers.obj (.text:processCommand)
                  00019c32    0000005c     IQmathLib_CCS_MPY32_5xx_6xx_CPUX_large_code_large_data.lib : __IQNmpy.o (.text:_IQ21mpy)
                  00019c8e    0000005c     rts430x_lc_ld_eabi.lib : mult64_f5hw.asm.obj (.text:__mpyll)
                  00019cea    0000005a     hmi.obj (.text:HMI_update_USSsleepDuration)
                  00019d44    0000005a     i2cslave.obj (.text:I2CSlave_handleEndOfReceive)
                  00019d9e    0000005a     ussSwLibCommonUSS.obj (.text:commonWaitForconversion)
                  00019df8    00000058     byte_queue.obj (.text:ByteQueue_push)
                  00019e50    00000058     rts430x_lc_ld_eabi.lib : div32u.asm.obj (.text)
                  00019ea8    00000056     cs.obj (.text:CS_initClockSignal)
                  00019efe    00000056     i2cslave.obj (.text:I2CSlave_openPort)
                  00019f54    00000056     IQmathLib_CCS_MPY32_5xx_6xx_CPUX_large_code_large_data.lib : __IQNrmpy.o (.text:_IQ12rmpy)
                  00019faa    00000054     USS_SW_CCS_large_code_large_data.lib : USS_support_lea.obj (.text:USS_addSamples)
                  00019ffe    00000054     IQmathLib_CCS_MPY32_5xx_6xx_CPUX_large_code_large_data.lib : __IQNmpy.o (.text:_IQ20mpy)
                  0001a052    00000054     rts430x_lc_ld_eabi.lib : rem64u.c.obj (.text:__mspabi_remull)
                  0001a0a6    00000052     lcd_c.obj (.text:LCD_C_setMemory)
                  0001a0f8    00000052     USS_SW_CCS_large_code_large_data.lib : USS_support_lea.obj (.text:USS_fir)
                  0001a14a    00000052     hal_system.obj (.text:hal_system_ButtonsClearInt)
                  0001a19c    00000050     USS_SW_CCS_large_code_large_data.lib : USS_support_lea.obj (.text:USS_copyArrayRight)
                  0001a1ec    0000004e                                          : USS_support_lea.obj (.text:USS_copyArrayLeft)
                  0001a23a    0000004e                                          : USS_lea.obj (.text:USS_lea_init)
                  0001a288    0000004e     QmathLib_CCS_MPY32_5xx_6xx_CPUX_large_code_large_data.lib : __QNrmpy.o (.text:_Q12rmpy)
                  0001a2d6    0000004e     rts430x_lc_ld_eabi.lib : _printfi.c.obj (.text:_fcpy)
                  0001a324    0000004e     ussSwLibCommonTimer.obj (.text:commonTimerConfigureTimer)
                  0001a372    0000004c     listener.obj (.text:Listener_lookupHandler)
                  0001a3be    0000004c     tlv.obj (.text:TLV_getInfo)
                  0001a40a    0000004c     ussSwLibConfiguration.obj (.text:USS_updateUSSInterruptsConfiguration)
                  0001a456    0000004c     rts430x_lc_ld_eabi.lib : fs_toul.asm.obj (.text)
                  0001a4a2    0000004a     gpio.obj (.text:GPIO_setAsInputPinWithPullUpResistor)
                  0001a4ec    0000004a     ussSwLibMeasurement.obj (.text:USS_configureUltrasonicMeasurement)
                  0001a536    0000004a     rts430x_lc_ld_eabi.lib : fs_cmp.asm.obj (.text)
                  0001a580    0000004a                            : fs_ltof.asm.obj (.text)
                  0001a5ca    00000048     IQmathLib_CCS_MPY32_5xx_6xx_CPUX_large_code_large_data.lib : __IQNmpy.o (.text:_IQ30mpy)
                  0001a612    00000048     ussSwLibCommonTimer.obj (.text:commonTimerWaitEvent)
                  0001a65a    00000046     USS_SW_CCS_large_code_large_data.lib : USS_support_lea.obj (.text:USS_copy)
                  0001a6a0    00000046     rts430x_lc_ld_eabi.lib : fs_tou.asm.obj (.text)
                  0001a6e6    00000044     timeout.obj (.text:Timer_scheduleDelayedFunction)
                  0001a72a    00000042     ussDCCommandHandlers.obj (.text:CommandHandler_transmittAdvancedDebugData)
                  0001a76c    00000042     hmi.obj (.text:HMI_updateUSSParameters)
                  0001a7ae    00000042     hal_system.obj (.text:hal_system_ClockInit)
                  0001a7f0    00000040     byte_queue.obj (.text:ByteQueue_pull)
                  0001a830    00000040     ussDCCommandHandlers.obj (.text:CommandHandler_transmittDebugData)
                  0001a870    00000040     gpio.obj (.text:GPIO_setAsInputPin)
                  0001a8b0    00000040     rts430x_lc_ld_eabi.lib : asr64.c.obj (.text:__mspabi_srall)
                  0001a8f0    00000040     ussSwLibCommonUSS.obj (.text:commonDetermineVariant)
                  0001a930    00000040     rts430x_lc_ld_eabi.lib : div32s.asm.obj (.text)
                  0001a970    0000003e     hal_uart.obj (.text:Send_NewData)
                  0001a9ae    0000003e     ussSwLibCommonSDHS.obj (.text:commonSDHSConfigModOpt)
                  0001a9ec    0000003e     mathematics.obj (.text:compare_floats)
                  0001aa2a    0000003e     rts430x_lc_ld_eabi.lib : asr32.asm.obj (.text:l_asr_const)
                  0001aa68    0000003e                            : lsl32.asm.obj (.text:l_lsl_const)
                  0001aaa6    0000003e                            : lsr32.asm.obj (.text:l_lsr_const)
                  0001aae4    0000003c     adc12_b.obj (.text:ADC12_B_configureMemory)
                  0001ab20    0000003c     hmi.obj (.text:HMI_update_USSmeterConfig)
                  0001ab5c    0000003c     ussSwLibConfiguration.obj (.text:USS_resetUSSModule)
                  0001ab98    0000003c     ussSwLibCommonSDHS.obj (.text:commonSDHSRestoreSDHSDTCA)
                  0001abd4    0000003c     hal_uart.obj (.text:create_json)
                  0001ac10    0000003c     rts430x_lc_ld_eabi.lib : memcpy.c.obj (.text:memcpy)
                  0001ac4c    0000003c     results.obj (.text:resultsCalcVolume)
                  0001ac88    0000003a     cs.obj (.text:CS_turnOnLFXT)
                  0001acc2    0000003a     rts430x_lc_ld_eabi.lib : lsl64.c.obj (.text:__mspabi_sllll)
                  0001acfc    0000003a                            : lsr64.c.obj (.text:__mspabi_srlll)
                  0001ad36    0000003a     hal_system.obj (.text:hal_system_ButtonsInit)
                  0001ad70    00000038     ussDCCommandHandlers.obj (.text:CommandHandler_rxUpdate)
                  0001ada8    00000038     i2cslave.obj (.text:I2CSlave_setRequestFlag)
                  0001ade0    00000038     USS_SW_CCS_large_code_large_data.lib : USS_support_lea.obj (.text:USS_zeroInit)
                  0001ae18    00000038     IQmathLib_CCS_MPY32_5xx_6xx_CPUX_large_code_large_data.lib : __IQNmpy.o (.text:_IQ16mpy)
                  0001ae50    00000036     rts430x_lc_ld_eabi.lib : fs_itof.asm.obj (.text)
                  0001ae86    00000034     gpio.obj (.text:GPIO_setAsOutputPin)
                  0001aeba    00000034     hal_uart.obj (.text:InitTimerMillis)
                  0001aeee    00000034     hal_system.obj (.text:hal_system_ButtonsClearAll)
                  0001af22    00000034     rts430x_lc_ld_eabi.lib : memccpy.c.obj (.text:memccpy)
                  0001af56    00000032     gpio.obj (.text:GPIO_getInterruptStatus)
                  0001af88    00000032     rts430x_lc_ld_eabi.lib : subd.c.obj (.text:__mspabi_subd)
                  0001afba    00000032     ussSwLibCommonInterrupts.obj (.text:commonDisableCaptureInterrupts)
                  0001afec    00000032     hal_system.obj (.text:hal_system_Init)
                  0001b01e    00000032     rts430x_lc_ld_eabi.lib : fs_ultof.asm.obj (.text)
                  0001b050    00000030     adc12_b.obj (.text:ADC12_B_startConversion)
                  0001b080    00000030     comm.obj (.text:Comm_writeBuffer)
                  0001b0b0    00000030     hmi.obj (.text:HMI_Init)
                  0001b0e0    00000030     lcd_c.obj (.text:LCD_C_init)
                  0001b110    00000030     USS_SW_CCS_large_code_large_data.lib : ussSwLibAlgorithms.obj (.text:USS_getDNSPtr)
                  0001b140    00000030                                          : ussSwLibAlgorithms.obj (.text:USS_getUPSPtr)
                  0001b170    00000030     ussSwLibCommonTimer.obj (.text:commonTimerConfigureDelay)
                  0001b1a0    00000030     lcd_c.obj (.text:setLCDFunction)
                  0001b1d0    0000002e     gpio.obj (.text:GPIO_selectInterruptEdge)
                  0001b1fe    0000002e     lcd_c.obj (.text:LCD_C_setVLCDSource)
                  0001b22c    0000002e     rts430x_lc_ld_eabi.lib : negd.c.obj (.text:__mspabi_negd)
                  0001b25a    0000002e                            : snprintf.c.obj (.text:_outc)
                  0001b288    0000002e     ussSwLibCommonHSPLL.obj (.text:commonValidateHSPLLconfiguration)
                  0001b2b6    0000002e     rts430x_lc_ld_eabi.lib : s_copysign.c.obj (.text:copysign)
                  0001b2e4    0000002e     hal_system.obj (.text:hal_system_LEDOff)
                  0001b312    0000002e     hal_system.obj (.text:hal_system_LEDOn)
                  0001b340    0000002e     mathematics.obj (.text:mathematics_Reverse)
                  0001b36e    0000002c     packet.obj (.text:Packet_appendChecksum)
                  0001b39a    0000002c     MSPMPU_INIT_LIB_CCS_msp430_large_code_large_data.lib : mpu_init.o (.text:__mpu_init)
                  0001b3c6    0000002c     rts430x_lc_ld_eabi.lib : mult3264_f5hw.asm.obj (.text:__mpyull)
                  0001b3f2    0000002c     lcd_statemachine.obj (.text:lcd_statemachine_displayAvgFlowRate)
                  0001b41e    0000002c     main.obj (.text:main)
                  0001b44a    0000002c     rts430x_lc_ld_eabi.lib : div16s.asm.obj (.text)
                  0001b476    0000002a     byte_queue.obj (.text:ByteQueue_getLength)
                  0001b4a0    0000002a     comm.obj (.text:Comm_listenForCmd)
                  0001b4ca    0000002a     ussDCCommandHandlers.obj (.text:CommandHandler_transmitUserErrorMsgPacket)
                  0001b4f4    0000002a     eusci_b_i2c.obj (.text:EUSCI_B_I2C_initSlave)
                  0001b51e    0000002a     i2cslave.obj (.text:I2CSlave_setTransmitBuffer)
                  0001b548    0000002a     USSLibGUIApp.obj (.text:USSLibGUIApp_Delay)
                  0001b572    00000028     byte_queue.obj (.text:ByteQueue_isFull)
                  0001b59a    00000028     ussDCCommandHandlers.obj (.text:CommandHandler_updateCalibParams)
                  0001b5c2    00000028     rts430x_lc_ld_eabi.lib : fixdi.c.obj (.text:__mspabi_fixdi)
                  0001b5ea    00000028     ussSwLibCommonInterrupts.obj (.text:commonEnableCommonCaptureInterrupts)
                  0001b612    00000028     hal_lcd.obj (.text:hal_lcd_updatememory)
                  0001b63a    00000028     rts430x_lc_ld_eabi.lib : wcslen.c.obj (.text:wcslen)
                  0001b662    00000026     hmi.obj (.text:HMI_PostMeasurement_Update)
                  0001b688    00000026     timeout.obj (.text:Timer_cancelDelayedFunction)
                  0001b6ae    00000026     ussSwLibCommonTimer.obj (.text:commonTimerConfigureTick)
                  0001b6d4    00000026     ussSwLibCommonTimer.obj (.text:commonTimerWaitTickEvent)
                  0001b6fa    00000026     lcd_statemachine.obj (.text:lcd_statemachine_writeLCD)
                  0001b720    00000026     rts430x_lc_ld_eabi.lib : qsort.c.obj (.text:swap_item)
                  0001b746    00000024     adc12_b.obj (.text:ADC12_B_disableInterrupt)
                  0001b76a    00000024     adc12_b.obj (.text:ADC12_B_enableInterrupt)
                  0001b78e    00000024     byte_queue.obj (.text:ByteQueue_init)
                  0001b7b2    00000024     rts430x_lc_ld_eabi.lib : copy_zero_init.c.obj (.text:decompress:ZI:__TI_zero_init)
                  0001b7d6    00000024                            : fs_utof.asm.obj (.text)
                  0001b7fa    00000024                            : mult32_f5hw.asm.obj (.text)
                  0001b81e    00000022     ussDCCommandHandlers.obj (.text:CommandHandler_calibUpdate)
                  0001b840    00000022     ussDCCommandHandlers.obj (.text:CommandHandler_transmitUserMessagePacket)
                  0001b862    00000022     eusci_a_uart.obj (.text:EUSCI_A_UART_transmitData)
                  0001b884    00000022     hal_uart.obj (.text:is_timeout)
                  0001b8a6    00000020     adc12_b.obj (.text:ADC12_B_setupSamplingTimer)
                  0001b8c6    00000020     comm.obj (.text:Comm_i2cReceiveHandler)
                  0001b8e6    00000020     eusci_a_uart.obj (.text:EUSCI_A_UART_receiveData)
                  0001b906    00000020     ussDCCommandHandlers.obj (.text:Handler_max_vfr_id)
                  0001b926    00000020     rts430x_lc_ld_eabi.lib : memset.c.obj (.text:memset)
                  0001b946    0000001e     gpio.obj (.text:GPIO_clearInterrupt)
                  0001b964    0000001e     ussSwLibConfiguration.obj (.text:USS_updateUUPSConfiguration)
                  0001b982    0000001e     ussSwLibCommonUSS.obj (.text:commonDetermineSiliconVersion)
                  0001b9a0    0000001e     hal_lcd.obj (.text:hal_lcd_turnoffLCD)
                  0001b9be    0000001c     ussDCCommandHandlers.obj (.text:CommandHandler_transmitErrorPacket)
                  0001b9da    0000001c     gpio.obj (.text:GPIO_setOutputHighOnPin)
                  0001b9f6    0000001c     gpio.obj (.text:GPIO_setOutputLowOnPin)
                  0001ba12    0000001c     i2cslave.obj (.text:I2CSlave_transactionTimeoutHandler)
                  0001ba2e    0000001c     lcd_c.obj (.text:LCD_C_configChargePump)
                  0001ba4a    0000001c     timeout.obj (.text:Timer_startDelayedFunctionTimer)
                  0001ba66    0000001c     rts430x_lc_ld_eabi.lib : mult1632_f5hw.asm.obj (.text:__mpysl)
                  0001ba82    0000001c                            : mult1632_f5hw.asm.obj (.text:__mpyul)
                  0001ba9e    0000001c                            : strchr.c.obj (.text:strchr)
                  0001baba    0000001a     testing.obj (.text:Testing_Update_Results)
                  0001bad4    0000001a     hal_uart.obj (.text:reset_timer)
                  0001baee    00000018     adc12_b.obj (.text:ADC12_B_disable)
                  0001bb06    00000018     comm.obj (.text:Comm_setup)
                  0001bb1e    00000018     ussDCCommandHandlers.obj (.text:Handler_abs_tof_additional_id)
                  0001bb36    00000018     ussDCCommandHandlers.obj (.text:Handler_adc_samp_freq_id)
                  0001bb4e    00000018     ussDCCommandHandlers.obj (.text:Handler_capture_duration_id)
                  0001bb66    00000018     ussDCCommandHandlers.obj (.text:Handler_delta_tof_offset_id)
                  0001bb7e    00000018     ussDCCommandHandlers.obj (.text:Handler_gain_control_id)
                  0001bb96    00000018     ussDCCommandHandlers.obj (.text:Handler_lea_enable)
                  0001bbae    00000018     ussDCCommandHandlers.obj (.text:Handler_meter_constant_id)
                  0001bbc6    00000018     ussDCCommandHandlers.obj (.text:Handler_over_sampling_rate)
                  0001bbde    00000018     ussDCCommandHandlers.obj (.text:Handler_param10_id)
                  0001bbf6    00000018     ussDCCommandHandlers.obj (.text:Handler_param1_id)
                  0001bc0e    00000018     ussDCCommandHandlers.obj (.text:Handler_param2_id)
                  0001bc26    00000018     ussDCCommandHandlers.obj (.text:Handler_param3_id)
                  0001bc3e    00000018     ussDCCommandHandlers.obj (.text:Handler_param5_id)
                  0001bc56    00000018     ussDCCommandHandlers.obj (.text:Handler_param6_id)
                  0001bc6e    00000018     ussDCCommandHandlers.obj (.text:Handler_pattern_opt)
                  0001bc86    00000018     ussDCCommandHandlers.obj (.text:Handler_sig_samp_freq_id)
                  0001bc9e    00000018     ussDCCommandHandlers.obj (.text:Handler_xt2_freq_id)
                  0001bcb6    00000018     i2cslave.obj (.text:I2CSlave_requestTimeoutHandler)
                  0001bcce    00000018     rts430x_lc_ld_eabi.lib : mult16_f5hw.asm.obj (.text)
                  0001bce6    00000016     ussDCCommandHandlers.obj (.text:Handler_gap_pls_adc_start_id)
                  0001bcfc    00000016     ussDCCommandHandlers.obj (.text:Handler_gap_ups_dns_id)
                  0001bd12    00000016     ussDCCommandHandlers.obj (.text:Handler_gap_ups_ups_id)
                  0001bd28    00000016     ussDCCommandHandlers.obj (.text:Handler_num_pls_id)
                  0001bd3e    00000016     ussDCCommandHandlers.obj (.text:Handler_param4_id)
                  0001bd54    00000016     ussDCCommandHandlers.obj (.text:Handler_param7_id)
                  0001bd6a    00000016     ussDCCommandHandlers.obj (.text:Handler_param8_id)
                  0001bd80    00000016     ussDCCommandHandlers.obj (.text:Handler_param9_id)
                  0001bd96    00000016     ussDCCommandHandlers.obj (.text:Handler_plot_abs_dns_id)
                  0001bdac    00000016     ussDCCommandHandlers.obj (.text:Handler_plot_abs_ups_id)
                  0001bdc2    00000016     ussDCCommandHandlers.obj (.text:Handler_plot_dtof_id)
                  0001bdd8    00000016     ussDCCommandHandlers.obj (.text:Handler_plot_vol_id)
                  0001bdee    00000016     ussDCCommandHandlers.obj (.text:Handler_req_app_req_captures)
                  0001be04    00000016     ussDCCommandHandlers.obj (.text:Handler_req_app_req_data)
                  0001be1a    00000016     ussDCCommandHandlers.obj (.text:Handler_req_app_req_update)
                  0001be30    00000016     hal_uart.obj (.text:_TxString)
                  0001be46    00000016     rts430x_lc_ld_eabi.lib : copy_decompress_none.c.obj (.text:decompress:none:__TI_decompress_none)
                  0001be5c    00000016     hal_system.obj (.text:hal_system_WatchdogInit)
                  0001be72    00000016     rts430x_lc_ld_eabi.lib : div16u.asm.obj (.text)
                  0001be88    00000014     adc12_b.obj (.text:ADC12_B_clearInterrupt)
                  0001be9c    00000012     cs.obj (.text:CS_setExternalClockSource)
                  0001beae    00000012     checksum.obj (.text:Checksum_computeChecksum)
                  0001bec0    00000012     checksum.obj (.text:Checksum_verifyChecksum)
                  0001bed2    00000012     comm.obj (.text:Comm_addCmdListener)
                  0001bee4    00000012     ussDCCommandHandlers.obj (.text:CommandHandler_setApplicationVersion)
                  0001bef6    00000012     ussSwLibVFRCalib.obj (.text:USS_calibrateVolumeFlowRate)
                  0001bf08    00000012     ussSwLibMeasurement.obj (.text:USS_waitForAppTimerElapse)
                  0001bf1a    00000012     wdt_a.obj (.text:WDT_A_resetTimer)
                  0001bf2c    00000012     wdt_a.obj (.text:WDT_A_start)
                  0001bf3e    00000012     hal_system.obj (.text:hal_system_GetResetSource)
                  0001bf50    00000012     rts430x_lc_ld_eabi.lib : strlen.c.obj (.text:strlen)
                  0001bf62    00000012                            : toupper.c.obj (.text:toupper)
                  0001bf74    00000010     byte_queue.obj (.text:ByteQueue_isEmpty)
                  0001bf84    00000010     i2cslave.obj (.text:I2CSlave_closePort)
                  0001bf94    00000010     lcd_c.obj (.text:LCD_C_setVLCDVoltage)
                  0001bfa4    00000010     ref_a.obj (.text:Ref_A_isVariableReferenceVoltageOutputReady)
                  0001bfb4    00000010     wdt_a.obj (.text:WDT_A_initWatchdogTimer)
                  0001bfc4    00000010     ussSwLibCommonTimer.obj (.text:commonTimerDisableInterrupt)
                  0001bfd4    00000010     ussSwLibCommonTimer.obj (.text:commonTimerEnableInterrupt)
                  0001bfe4    00000010     rts430x_lc_ld_eabi.lib : asr32.asm.obj (.text:l_asr)
                  0001bff4    00000010                            : lsl32.asm.obj (.text:l_lsl)
                  0001c004    00000010                            : lsr32.asm.obj (.text:l_lsr)
                  0001c014    00000010     lcd_statemachine.obj (.text:lcd_statemachine_sleepLCD)
                  0001c024    00000010     lcd_statemachine.obj (.text:lcd_statemachine_stateAction)
                  0001c034    0000000e     adc12_b.obj (.text:ADC12_B_enable)
                  0001c042    0000000e     adc12_b.obj (.text:ADC12_B_getResults)
                  0001c050    0000000e     comm.obj (.text:Comm_checkForPacket)
                  0001c05e    0000000e     ussDCCommandHandlers.obj (.text:CommandHandler_prepareForParamUpdate)
                  0001c06c    0000000e     ref_a.obj (.text:Ref_A_setReferenceVoltage)
                  0001c07a    0000000e     ussSwLibMeasurement.obj (.text:USS_configAppTimerPeriod)
                  0001c088    0000000e     hal_uart.obj (.text:change_state)
                  0001c096    0000000e     ussSwLibCommonTimer.obj (.text:commonClearCCFlagStart)
                  0001c0a4    0000000e     rts430x_lc_ld_eabi.lib : labs.c.obj (.text:labs)
                  0001c0b2    0000000c     ussDCCommandHandlers.obj (.text:CommandHandler_transmitPacket)
                  0001c0be    0000000c     eusci_b_i2c.obj (.text:EUSCI_B_I2C_clearInterrupt)
                  0001c0ca    0000000c     eusci_b_i2c.obj (.text:EUSCI_B_I2C_enableInterrupt)
                  0001c0d6    0000000c     eusci_b_i2c.obj (.text:EUSCI_B_I2C_slavePutData)
                  0001c0e2    0000000c     lcd_c.obj (.text:LCD_C_clearMemory)
                  0001c0ee    0000000c     rts430x_lc_ld_eabi.lib : fltid.c.obj (.text:__mspabi_fltid)
                  0001c0fa    0000000c     ussSwLibCommonInterrupts.obj (.text:commonEnableCaptureInterrupts)
                  0001c106    0000000c     hal_uart.obj (.text:is_ready_for_new_data)
                  0001c112    0000000c     lcd_statemachine.obj (.text:lcd_statemachine_isSleep)
                  0001c11e    0000000a     adc12_b.obj (.text:ADC12_B_isBusy)
                  0001c128    0000000a     eusci_b_i2c.obj (.text:EUSCI_B_I2C_getInterruptStatus)
                  0001c132    0000000a     eusci_b_i2c.obj (.text:EUSCI_B_I2C_slaveGetData)
                  0001c13c    0000000a     lcd_c.obj (.text:LCD_C_disableChargePump)
                  0001c146    0000000a     ref_a.obj (.text:Ref_A_isRefGenBusy)
                  0001c150    0000000a     system_pre_init.obj (.text:_system_pre_init)
                  0001c15a    0000000a     rts430x_lc_ld_eabi.lib : abs.c.obj (.text:abs)
                  0001c164    0000000a     hal_uart.obj (.text:hal_uart_TxByte)
                  0001c16e    0000000a     hal_uart.obj (.text:millis)
                  0001c178    0000000a     rts430x_lc_ld_eabi.lib : fs_neg.asm.obj (.text)
                  0001c182    0000000a                            : lsl16.asm.obj (.text)
                  0001c18c    0000000a                            : lsr16.asm.obj (.text)
                  0001c196    00000008     comm.obj (.text:Comm_writePacket)
                  0001c19e    00000008     eusci_b_i2c.obj (.text:EUSCI_B_I2C_getMode)
                  0001c1a6    00000008     timeout.obj (.text:Timer_stopDelayedFunctionTimer)
                  0001c1ae    00000008     hal_lcd.obj (.text:hal_lcd_turnonLCD)
                  0001c1b6    00000008     hal_system.obj (.text:hal_system_WatchdogFeed)
                  0001c1be    00000006     ussDCCommandHandlers.obj (.text:CommandHandler_getUserParamsPtr)
                  0001c1c4    00000006     ussDCCommandHandlers.obj (.text:CommandHandler_setAdvMtrCalibTableStatus)
                  0001c1ca    00000006     eusci_a_uart.obj (.text:EUSCI_A_UART_enable)
                  0001c1d0    00000006     eusci_b_i2c.obj (.text:EUSCI_B_I2C_disable)
                  0001c1d6    00000006     eusci_b_i2c.obj (.text:EUSCI_B_I2C_enable)
                  0001c1dc    00000006     hmi.obj (.text:HMI_GetStatus)
                  0001c1e2    00000006     hmi.obj (.text:HMI_isLPMEnabled)
                  0001c1e8    00000006     lcd_c.obj (.text:LCD_C_off)
                  0001c1ee    00000006     lcd_c.obj (.text:LCD_C_on)
                  0001c1f4    00000006     pmm.obj (.text:PMM_unlockLPM5)
                  0001c1fa    00000006     ref_a.obj (.text:Ref_A_disableReferenceVoltage)
                  0001c200    00000006     ref_a.obj (.text:Ref_A_enableReferenceVoltage)
                  0001c206    00000006     timer_a.obj (.text:Timer_A_clear)
                  0001c20c    00000006     timer_a.obj (.text:Timer_A_clearTimerInterrupt)
                  0001c212    00000006     rts430x_lc_ld_eabi.lib : fltud.c.obj (.text:__mspabi_fltud)
                  0001c218    00000006                            : exit.c.obj (.text:abort)
                  0001c21e    00000004     testing.obj (.text:Testing_GUIUpdate_PostUSSConfig)
                  0001c222    00000004     testing.obj (.text:Testing_GUIUpdate_PreUSSConfig)
                  0001c226    00000002     testing.obj (.text:Testing_PostAlgorithm_Update)
                  0001c228    00000002     testing.obj (.text:Testing_PreMeasurement_Update)
                  0001c22a    00000002     rts430x_lc_ld_eabi.lib : startup.c.obj (.text:_system_post_cinit)

MODULE SUMMARY

       Module                                code    ro data   rw data
       ------                                ----    -------   -------
    .\
       main.obj                              44      8         0      
       system_pre_init.obj                   10      0         0      
    +--+-------------------------------------+-------+---------+---------+
       Total:                                54      8         0      
                                                                      
    .\USSLibGUIApp\fr6047_USS_app\
       USSLibGUIApp.obj                      410     0         0      
    +--+-------------------------------------+-------+---------+---------+
       Total:                                410     0         0      
                                                                      
    .\USSLibGUIApp\fr6047_USS_app\hmiDC\
       hmi.obj                               2750    0         157    
    +--+-------------------------------------+-------+---------+---------+
       Total:                                2750    0         157    
                                                                      
    .\USSLibGUIApp\fr6047_USS_app\lcd_statemachineDC\
       lcd_statemachine.obj                  368     0         54     
    +--+-------------------------------------+-------+---------+---------+
       Total:                                368     0         54     
                                                                      
    .\USSLibGUIApp\fr6047_USS_app\mathematicsDC\
       mathematics.obj                       1024    0         16     
    +--+-------------------------------------+-------+---------+---------+
       Total:                                1024    0         16     
                                                                      
    .\USSLibGUIApp\fr6047_USS_app\resultsDC\
       results.obj                           392     0         76     
    +--+-------------------------------------+-------+---------+---------+
       Total:                                392     0         76     
                                                                      
    .\USSLibGUIApp\fr6047_USS_app\testingDC\
       testing.obj                           150     0         2      
    +--+-------------------------------------+-------+---------+---------+
       Total:                                150     0         2      
                                                                      
    .\USS_Config\
       USS_userConfig.obj                    0       1024      5546   
       USS_App_userConfig.obj                0       0         2      
    +--+-------------------------------------+-------+---------+---------+
       Total:                                0       1024      5548   
                                                                      
    .\common\DesignCenter\comm\
       comm_config.obj                       0       0         1114   
       comm.obj                              186     16        703    
    +--+-------------------------------------+-------+---------+---------+
       Total:                                186     16        1817   
                                                                      
    .\common\DesignCenter\comm\drivers\
       i2cslave.obj                          652     20        14     
       timeout.obj                           210     4         4      
    +--+-------------------------------------+-------+---------+---------+
       Total:                                862     24        18     
                                                                      
    .\common\DesignCenter\comm\protocol\
       packet.obj                            304     0         2      
       listener.obj                          170     0         0      
       checksum.obj                          36      0         0      
    +--+-------------------------------------+-------+---------+---------+
       Total:                                510     0         2      
                                                                      
    .\common\DesignCenter\comm\utils\
       byte_queue.obj                        286     0         0      
    +--+-------------------------------------+-------+---------+---------+
       Total:                                286     0         0      
                                                                      
    .\common\DesignCenter\ussDC\
       ussDCCommandHandlers.obj              3718    27        118    
    +--+-------------------------------------+-------+---------+---------+
       Total:                                3718    27        118    
                                                                      
    .\driverlib\MSP430FR5xx_6xx\
       gpio.obj                              476     28        0      
       lcd_c.obj                             436     0         0      
       adc12_b.obj                           430     0         0      
       cs.obj                                402     0         8      
       eusci_a_uart.obj                      230     0         0      
       timer_a.obj                           130     0         0      
       eusci_b_i2c.obj                       118     0         0      
       tlv.obj                               76      0         0      
       ref_a.obj                             52      0         0      
       wdt_a.obj                             52      0         0      
       pmm.obj                               6       0         0      
    +--+-------------------------------------+-------+---------+---------+
       Total:                                2408    28        8      
                                                                      
    .\hal\fr6047EVM\
       hal_uart.obj                          1002    356       215    
       hal_system.obj                        824     0         0      
       hal_adc.obj                           614     12        18     
       hal_lcd.obj                           318     20        30     
    +--+-------------------------------------+-------+---------+---------+
       Total:                                2758    388       263    
                                                                      
    .\ussSWLib\USS_HAL\
       USS_Lib_HAL.obj                       500     16        58     
    +--+-------------------------------------+-------+---------+---------+
       Total:                                500     16        58     
                                                                      
    .\ussSWLib\source\
       ussSwLibConfiguration.obj             1040    0         0      
       ussSwLibMeasurement.obj               400     0         0      
       ussSwLibVFRCalibFlow.obj              254     0         0      
       ussSwLibVFRCalib.obj                  18      0         0      
       ussSwLibISR.obj                       0       0         4      
    +--+-------------------------------------+-------+---------+---------+
       Total:                                1712    0         4      
                                                                      
    .\ussSWLib\source\common\
       ussSwLibCommonSAPH.obj                986     0         0      
       ussSwLibCommonUSS.obj                 500     0         0      
       ussSwLibCommonTimer.obj               426     0         0      
       ussSwLibCommonHSPLL.obj               248     0         0      
       ussSwLibCommonSDHS.obj                244     0         0      
       ussSwLibCommonInterrupts.obj          102     0         0      
    +--+-------------------------------------+-------+---------+---------+
       Total:                                2506    0         0      
                                                                      
    C:\ti\ccs2010\ccs\ccs_base\msp430\lib\FR59xx\MSPMPU_INIT_LIB_CCS_msp430_large_code_large_data.lib
       mpu_init.o                            44      0         0      
    +--+-------------------------------------+-------+---------+---------+
       Total:                                44      0         0      
                                                                      
    C:\ti\ccs2010\ccs\tools\compiler\ti-cgt-msp430_21.6.1.LTS\lib\rts430x_lc_ld_eabi.lib
       _printfi.c.obj                        6918    38        0      
       addd.c.obj                            1834    0         0      
       frcdivd.c.obj                         1128    0         0      
       div64u.c.obj                          846     0         0      
       e_sqrt.c.obj                          732     0         0      
       mpyd.c.obj                            658     0         0      
       divd.c.obj                            540     0         0      
       s_floor.c.obj                         452     0         0      
       qsort.c.obj                           436     0         0      
       frcmpyd.c.obj                         356     0         0      
       s_scalbn.c.obj                        346     0         0      
       fs_add.asm.obj                        306     0         0      
       snprintf.c.obj                        274     0         0      
       s_round.c.obj                         262     0         0      
       ctype.c.obj                           0       257       0      
       cmpd.c.obj                            216     0         0      
       fs_mpy.asm.obj                        184     0         0      
       cvtdf.c.obj                           178     0         0      
       s_frexp.c.obj                         166     0         0      
       fltlid.c.obj                          158     0         0      
       _ltoa.c.obj                           150     0         0      
       fs_div.asm.obj                        144     0         0      
       fltuld.c.obj                          128     0         0      
       fs_tol.asm.obj                        126     0         0      
       autoinit.c.obj                        120     0         0      
       copy_decompress_lzss.c.obj            118     0         0      
       fixdul.c.obj                          104     0         0      
       fs_toi.asm.obj                        104     0         0      
       fixdli.c.obj                          102     0         0      
       cvtfd.c.obj                           100     0         0      
       atoi.c.obj                            98      0         0      
       mult64_f5hw.asm.obj                   92      0         0      
       div32u.asm.obj                        88      0         0      
       rem64u.c.obj                          84      0         0      
       asr32.asm.obj                         78      0         0      
       lsl32.asm.obj                         78      0         0      
       lsr32.asm.obj                         78      0         0      
       fs_toul.asm.obj                       76      0         0      
       fs_cmp.asm.obj                        74      0         0      
       fs_ltof.asm.obj                       74      0         0      
       fs_tou.asm.obj                        70      0         0      
       asr64.c.obj                           64      0         0      
       div32s.asm.obj                        64      0         0      
       memcpy.c.obj                          60      0         0      
       lsl64.c.obj                           58      0         0      
       lsr64.c.obj                           58      0         0      
       mult1632_f5hw.asm.obj                 56      0         0      
       fs_itof.asm.obj                       54      0         0      
       memccpy.c.obj                         52      0         0      
       fs_ultof.asm.obj                      50      0         0      
       subd.c.obj                            50      0         0      
       negd.c.obj                            46      0         0      
       s_copysign.c.obj                      46      0         0      
       div16s.asm.obj                        44      0         0      
       mult3264_f5hw.asm.obj                 44      0         0      
       fixdi.c.obj                           40      0         0      
       wcslen.c.obj                          40      0         0      
       copy_zero_init.c.obj                  36      0         0      
       fs_utof.asm.obj                       36      0         0      
       mult32_f5hw.asm.obj                   36      0         0      
       boot.c.obj                            32      2         0      
       memset.c.obj                          32      0         0      
       strchr.c.obj                          28      0         0      
       mult16_f5hw.asm.obj                   24      0         0      
       copy_decompress_none.c.obj            22      0         0      
       div16u.asm.obj                        22      0         0      
       strlen.c.obj                          18      0         0      
       toupper.c.obj                         18      0         0      
       labs.c.obj                            14      0         0      
       fltid.c.obj                           12      0         0      
       abs.c.obj                             10      0         0      
       fs_neg.asm.obj                        10      0         0      
       lsl16.asm.obj                         10      0         0      
       lsr16.asm.obj                         10      0         0      
       isr_trap.asm.obj                      8       0         0      
       exit.c.obj                            6       0         0      
       fltud.c.obj                           6       0         0      
       errno.c.obj                           0       0         2      
       int19.asm.obj                         0       2         0      
       int20.asm.obj                         0       2         0      
       int21.asm.obj                         0       2         0      
       int22.asm.obj                         0       2         0      
       int23.asm.obj                         0       2         0      
       int24.asm.obj                         0       2         0      
       int25.asm.obj                         0       2         0      
       int26.asm.obj                         0       2         0      
       int27.asm.obj                         0       2         0      
       int28.asm.obj                         0       2         0      
       int29.asm.obj                         0       2         0      
       int30.asm.obj                         0       2         0      
       int31.asm.obj                         0       2         0      
       int32.asm.obj                         0       2         0      
       int33.asm.obj                         0       2         0      
       int34.asm.obj                         0       2         0      
       int35.asm.obj                         0       2         0      
       int36.asm.obj                         0       2         0      
       int39.asm.obj                         0       2         0      
       int44.asm.obj                         0       2         0      
       int49.asm.obj                         0       2         0      
       int50.asm.obj                         0       2         0      
       int51.asm.obj                         0       2         0      
       int52.asm.obj                         0       2         0      
       int53.asm.obj                         0       2         0      
       int54.asm.obj                         0       2         0      
       startup.c.obj                         2       0         0      
    +--+-------------------------------------+-------+---------+---------+
       Total:                                19294   349       2      
                                                                      
    C:\ti\msp\UltrasonicWaterFR604x_02_40_00_00\lib\IQMathLibrary\libraries\CCS\MPY32\5xx_6xx\IQmathLib_CCS_MPY32_5xx_6xx_CPUX_large_code_large_data.lib
       _IQNdiv.o                             468     0         0      
       _IQNtoF.o                             456     0         0      
       __IQNrsmpy.o                          378     0         0      
[...]
0001420e  _IQ21div                                   
000145aa  floor                                      
000145aa  floorl                                     
0001476e  USS_generateMonoDualToneBinaryPattern      
00014df6  qsort                                      
000150f4  USS_updateClockRelativeError               
00015258  __TI_frcmpyd                               
000153bc  commonConfigurePPGDutyCyle                 
0001567c  ldexp                                      
0001567c  ldexpl                                     
0001567c  scalbn                                     
0001567c  scalbnl                                    
0001591e  HMI_PostAlgorithm_Update                   
00015a60  USS_updateADCParams                        
00015cca  __mspabi_subf                              
00015cd0  __mspabi_addf                              
00015dfc  hal_adc_init                               
00015f2c  CommandHandler_transmitCapturePackages     
00016172  USS_updateHSPLLConfiguration               
00016286  mathematics_FloatToString                  
000164a6  round                                      
000164a6  roundl                                     
000165ac  Packet_extractFromStream                   
000168a4  hal_adc_voltagesupply_readmV               
00016996  CS_setDCOFreq                              
00016c60  results_Update                             
00016d42  __mspabi_cmpd                              
00017094  commonGetHSPLLFreqInHz                     
0001715e  commonGetPLLFreqInHz                       
00017228  _Q15div                                    
000172e6  USS_commonTriggerSingleCapture             
000173a0  USS_getResultsInFloat                      
0001745a  commonIsconversionSuccessfull              
00017514  mathematics_CalcStDevflt                   
000175cc  __mspabi_mpyf                              
00017684  CommandHandler_transmitResults             
000178a2  USS_run                                    
00017954  __mspabi_cvtdf                             
00017a06  privateGeneratePattern                     
00017ab8  USS_filter                                 
00017b66  frexp                                      
00017b66  frexpl                                     
00017c0c  HMI_reportError_sendErrorMessage           
00017c0c  USSLibGUIApp_send_error                    
00017d50  EUSCI_A_UART_init                          
00017dee  __mspabi_fltlid                            
00017e8c  privatePadCaptures                         
00017f28  __TI_ltoa                                  
0001804e  hal_lcd_Init                               
000180de  __mspabi_divf                              
0001816e  CommandHandler_updateParams                
000181f8  USS_calibrateVFRFlow                       
00018282  USS_computeVolumeFlowRate_water            
0001830c  ADC12_B_init                               
00018394  USSLibGUIApp_Init                          
0001841c  LCD_C_setPinAsLCDFunctionEx                
00018524  USS_updateSDHSConfiguration                
000185a6  commonUpdateUSSULPbiasDelay                
00018628  _IQ15rsmpy                                 
000186a8  __mspabi_fltuld                            
00018728  CommandHandler_transmitCaptures            
000187a6  HMI_PreMeasurement_Update                  
00018824  _IQ19rsmpy                                 
000188a2  __mspabi_fixfli                            
00018920  USSLibGUIApp_Engine                        
0001899c  _IQ30rsmpy                                 
00018a18  commonValidateSDHSconfigruation            
00018a92  lcd_statemachine_stateUpdate               
00018b0c  __TI_auto_init_nobinit_nopinit_hold_wdt    
00018bfc  lcd_satemachine_srollState                 
00018c74  mathematics_CalcMedian3of5                 
00018cec  mathematics_CalcPercentage                 
00018d64  snprintf                                   
00018ddc  Timer_A_initUpMode                         
00018e52  __TI_decompress_lzss                       
00018ec8  USS_findMeterConstantRange                 
00018f3c  USS_runAlgorithmsFixedPoint                
00018fb0  mathematics_CalcAverageflt                 
00019024  _IQ16toF                                   
00019096  _IQ21toF                                   
00019108  _IQ27toF                                   
0001917a  _IQ30toF                                   
000191ec  Testing_PostMeasurement_Update             
000192ca  USSLibGUIApp_ReInitialize                  
00019336  USS_startLowPowerUltrasonicCapture         
0001940e  commonTimerGenerateLowPowerDelay           
00019478  results_Reset                              
000194e2  GPIO_setAsPeripheralModuleFunctionInputPin 
0001954a  __mspabi_fixdul                            
000195b2  __mspabi_fixfi                             
00019682  __mspabi_fixdli                            
000196e8  commonValidateAlgorithmsConfiguration      
0001974e  hal_uart_Init                              
000197b4  __mspabi_cvtfd                             
00019818  mathematics_IntToStr                       
0001987c  atoi                                       
000198de  commonValidateMeterConstantConfiguration   
0001993e  hal_lcd_showCharwPoint                     
0001999e  hal_system_ButtonsCheck                    
00019a5c  Listener_registerListener                  
00019aba  USS_addOffset                              
00019b76  USS_scaleSamples                           
00019c32  _IQ21mpy                                   
00019c8e  __mspabi_mpyll_f5hw                        
00019d9e  commonWaitForconversion                    
00019df8  ByteQueue_push                             
00019e50  __mspabi_divul                             
00019e50  __mspabi_remul                             
00019ea8  CS_initClockSignal                         
00019efe  I2CSlave_openPort                          
00019f54  _IQ12rmpy                                  
00019faa  USS_addSamples                             
00019ffe  _IQ20mpy                                   
0001a052  __mspabi_remull                            
0001a0a6  LCD_C_setMemory                            
0001a0f8  USS_fir                                    
0001a14a  hal_system_ButtonsClearInt                 
0001a19c  USS_copyArrayRight                         
0001a1ec  USS_copyArrayLeft                          
0001a23a  USS_lea_init                               
0001a288  _Q12rmpy                                   
0001a324  commonTimerConfigureTimer                  
0001a372  Listener_lookupHandler                     
0001a3be  TLV_getInfo                                
0001a40a  USS_updateUSSInterruptsConfiguration       
0001a456  __mspabi_fixful                            
0001a4a2  GPIO_setAsInputPinWithPullUpResistor       
0001a4ec  USS_configureUltrasonicMeasurement         
0001a536  __mspabi_cmpf                              
0001a580  __mspabi_fltlif                            
0001a5ca  _IQ30mpy                                   
0001a65a  USS_copy                                   
0001a6a0  __mspabi_fixfu                             
0001a6e6  Timer_scheduleDelayedFunction              
0001a72a  CommandHandler_transmittAdvancedDebugData  
0001a76c  HMI_updateUSSParameters                    
0001a7f0  ByteQueue_pull                             
0001a830  CommandHandler_transmittDebugData          
0001a870  GPIO_setAsInputPin                         
0001a8b0  __mspabi_srall                             
0001a8f0  commonDetermineVariant                     
0001a930  __mspabi_divli                             
0001a930  __mspabi_remli                             
0001a970  Send_NewData                               
0001a9ae  commonSDHSConfigModOpt                     
0001aa2a  __mspabi_sral_15                           
0001aa2e  __mspabi_sral_14                           
0001aa32  __mspabi_sral_13                           
0001aa36  __mspabi_sral_12                           
0001aa3a  __mspabi_sral_11                           
0001aa3e  __mspabi_sral_10                           
0001aa42  __mspabi_sral_9                            
0001aa46  __mspabi_sral_8                            
0001aa4a  __mspabi_sral_7                            
0001aa4e  __mspabi_sral_6                            
0001aa52  __mspabi_sral_5                            
0001aa56  __mspabi_sral_4                            
0001aa5a  __mspabi_sral_3                            
0001aa5e  __mspabi_sral_2                            
0001aa62  __mspabi_sral_1                            
0001aa68  __mspabi_slll_15                           
0001aa6c  __mspabi_slll_14                           
0001aa70  __mspabi_slll_13                           
0001aa74  __mspabi_slll_12                           
0001aa78  __mspabi_slll_11                           
0001aa7c  __mspabi_slll_10                           
0001aa80  __mspabi_slll_9                            
0001aa84  __mspabi_slll_8                            
0001aa88  __mspabi_slll_7                            
0001aa8c  __mspabi_slll_6                            
0001aa90  __mspabi_slll_5                            
0001aa94  __mspabi_slll_4                            
0001aa98  __mspabi_slll_3                            
0001aa9c  __mspabi_slll_2                            
0001aaa0  __mspabi_slll_1                            
0001aaa6  __mspabi_srll_15                           
0001aaaa  __mspabi_srll_14                           
0001aaae  __mspabi_srll_13                           
0001aab2  __mspabi_srll_12                           
0001aab6  __mspabi_srll_11                           
0001aaba  __mspabi_srll_10                           
0001aabe  __mspabi_srll_9                            
0001aac2  __mspabi_srll_8                            
0001aac6  __mspabi_srll_7                            
0001aaca  __mspabi_srll_6                            
0001aace  __mspabi_srll_5                            
0001aad2  __mspabi_srll_4                            
0001aad6  __mspabi_srll_3                            
0001aada  __mspabi_srll_2                            
0001aade  __mspabi_srll_1                            
0001aae4  ADC12_B_configureMemory                    
0001ab5c  USS_resetUSSModule                         
0001ab98  commonSDHSRestoreSDHSDTCA                  
0001abd4  create_json                                
0001ac10  memcpy                                     
0001ac4c  resultsCalcVolume                          
0001ac88  CS_turnOnLFXT                              
0001acc2  __mspabi_sllll                             
0001acfc  __mspabi_srlll                             
0001ad36  hal_system_ButtonsInit                     
0001ad70  CommandHandler_rxUpdate                    
0001ada8  I2CSlave_setRequestFlag                    
0001ade0  USS_zeroInit                               
0001ae18  _IQ16mpy                                   
0001ae50  __mspabi_fltif                             
0001ae86  GPIO_setAsOutputPin                        
0001aeba  InitTimerMillis                            
0001aeee  hal_system_ButtonsClearAll                 
0001af22  memccpy                                    
0001af56  GPIO_getInterruptStatus                    
0001af88  __mspabi_subd                              
0001afba  commonDisableCaptureInterrupts             
0001afec  hal_system_Init                            
0001b01e  __mspabi_fltulf                            
0001b050  ADC12_B_startConversion                    
0001b080  Comm_writeBuffer                           
0001b0b0  HMI_Init                                   
0001b0e0  LCD_C_init                                 
0001b110  USS_getDNSPtr                              
0001b140  USS_getUPSPtr                              
0001b170  commonTimerConfigureDelay                  
0001b1d0  GPIO_selectInterruptEdge                   
0001b1fe  LCD_C_setVLCDSource                        
0001b22c  __mspabi_negd                              
0001b288  commonValidateHSPLLconfiguration           
0001b2b6  copysign                                   
0001b2b6  copysignl                                  
0001b2e4  hal_system_LEDOff                          
0001b312  hal_system_LEDOn                           
0001b340  mathematics_Reverse                        
0001b36e  Packet_appendChecksum                      
0001b39a  __mpu_init                                 
0001b3c6  __mspabi_mpyull_f5hw                       
0001b3f2  lcd_statemachine_displayAvgFlowRate        
0001b41e  main                                       
0001b44a  __mspabi_divi                              
0001b44a  __mspabi_remi                              
0001b476  ByteQueue_getLength                        
0001b4a0  Comm_listenForCmd                          
0001b4ca  CommandHandler_transmitUserErrorMsgPacket  
0001b4f4  EUSCI_B_I2C_initSlave                      
0001b51e  I2CSlave_setTransmitBuffer                 
0001b572  ByteQueue_isFull                           
0001b59a  CommandHandler_updateCalibParams           
0001b5c2  __mspabi_fixdi                             
0001b63a  wcslen                                     
0001b662  HMI_PostMeasurement_Update                 
0001b688  Timer_cancelDelayedFunction                
0001b6ae  commonTimerConfigureTick                   
0001b6d4  commonTimerWaitTickEvent                   
0001b6fa  lcd_statemachine_writeLCD                  
0001b746  ADC12_B_disableInterrupt                   
0001b76a  ADC12_B_enableInterrupt                    
0001b78e  ByteQueue_init                             
0001b7b2  __TI_zero_init                             
0001b7d6  __mspabi_fltuf                             
0001b7fa  __mspabi_mpyl_f5hw                         
0001b81e  CommandHandler_calibUpdate                 
0001b840  CommandHandler_transmitUserMessagePacket   
0001b862  EUSCI_A_UART_transmitData                  
0001b8a6  ADC12_B_setupSamplingTimer                 
0001b8c6  Comm_i2cReceiveHandler                     
0001b8e6  EUSCI_A_UART_receiveData                   
0001b926  memset                                     
0001b946  GPIO_clearInterrupt                        
0001b964  USS_updateUUPSConfiguration                
0001b982  commonDetermineSiliconVersion              
0001b9a0  hal_lcd_turnoffLCD                         
0001b9be  CommandHandler_transmitErrorPacket         
0001b9da  GPIO_setOutputHighOnPin                    
0001b9f6  GPIO_setOutputLowOnPin                     
0001ba2e  LCD_C_configChargePump                     
0001ba4a  Timer_startDelayedFunctionTimer            
0001ba66  __mspabi_mpysl_f5hw                        
0001ba82  __mspabi_mpyul_f5hw                        
0001ba9e  strchr                                     
0001baba  Testing_Update_Results                     
0001baee  ADC12_B_disable                            
0001bb06  Comm_setup                                 
0001bcce  __mspabi_mpyi_f5hw                         
0001be30  _TxString                                  
0001be46  __TI_decompress_none                       
0001be5c  hal_system_WatchdogInit                    
0001be72  __mspabi_divu                              
0001be72  __mspabi_remu                              
0001be88  ADC12_B_clearInterrupt                     
0001be9c  CS_setExternalClockSource                  
0001beae  Checksum_computeChecksum                   
0001bec0  Checksum_verifyChecksum                    
0001bed2  Comm_addCmdListener                        
0001bee4  CommandHandler_setApplicationVersion       
0001bef6  USS_calibrateVolumeFlowRate                
0001bf08  USS_waitForAppTimerElapse                  
0001bf1a  WDT_A_resetTimer                           
0001bf2c  WDT_A_start                                
0001bf3e  hal_system_GetResetSource                  
0001bf50  strlen                                     
0001bf62  toupper                                    
0001bf74  ByteQueue_isEmpty                          
0001bf84  I2CSlave_closePort                         
0001bf94  LCD_C_setVLCDVoltage                       
0001bfa4  Ref_A_isVariableReferenceVoltageOutputReady
0001bfb4  WDT_A_initWatchdogTimer                    
0001bfc4  commonTimerDisableInterrupt                
0001bfd4  commonTimerEnableInterrupt                 
0001bfe4  __mspabi_sral                              
0001bff4  __mspabi_slll                              
0001c004  __mspabi_srll                              
0001c014  lcd_statemachine_sleepLCD                  
0001c024  lcd_statemachine_stateAction               
0001c034  ADC12_B_enable                             
0001c042  ADC12_B_getResults                         
0001c050  Comm_checkForPacket                        
0001c05e  CommandHandler_prepareForParamUpdate       
0001c06c  Ref_A_setReferenceVoltage                  
0001c07a  USS_configAppTimerPeriod                   
0001c096  commonClearCCFlagStart                     
0001c0a4  labs                                       
0001c0b2  CommandHandler_transmitPacket              
0001c0be  EUSCI_B_I2C_clearInterrupt                 
0001c0ca  EUSCI_B_I2C_enableInterrupt                
0001c0d6  EUSCI_B_I2C_slavePutData                   
0001c0e2  LCD_C_clearMemory                          
0001c0ee  __mspabi_fltid                             
0001c0fa  commonEnableCaptureInterrupts              
0001c106  is_ready_for_new_data                      
0001c112  lcd_statemachine_isSleep                   
0001c11e  ADC12_B_isBusy                             
0001c128  EUSCI_B_I2C_getInterruptStatus             
0001c132  EUSCI_B_I2C_slaveGetData                   
0001c13c  LCD_C_disableChargePump                    
0001c146  Ref_A_isRefGenBusy                         
0001c150  _system_pre_init                           
0001c15a  abs                                        
0001c164  hal_uart_TxByte                            
0001c16e  millis                                     
0001c178  __mspabi_negf                              
0001c182  __mspabi_slli                              
0001c18c  __mspabi_srli                              
0001c196  Comm_writePacket                           
0001c19e  EUSCI_B_I2C_getMode                        
0001c1a6  Timer_stopDelayedFunctionTimer             
0001c1ae  hal_lcd_turnonLCD                          
0001c1b6  hal_system_WatchdogFeed                    
0001c1be  CommandHandler_getUserParamsPtr            
0001c1c4  CommandHandler_setAdvMtrCalibTableStatus   
0001c1ca  EUSCI_A_UART_enable                        
0001c1d0  EUSCI_B_I2C_disable                        
0001c1d6  EUSCI_B_I2C_enable                         
0001c1dc  HMI_GetStatus                              
0001c1e2  HMI_isLPMEnabled                           
0001c1e8  LCD_C_off                                  
0001c1ee  LCD_C_on                                   
0001c1f4  PMM_unlockLPM5                             
0001c1fa  Ref_A_disableReferenceVoltage              
0001c200  Ref_A_enableReferenceVoltage               
0001c206  Timer_A_clear                              
0001c20c  Timer_A_clearTimerInterrupt                
0001c212  __mspabi_fltud                             
0001c218  C$$EXIT                                    
0001c218  abort                                      
0001c21e  Testing_GUIUpdate_PostUSSConfig            
0001c222  Testing_GUIUpdate_PreUSSConfig             
0001c226  Testing_PostAlgorithm_Update               
0001c228  Testing_PreMeasurement_Update              
0001c22a  _system_post_cinit                         
ffffffff  __TI_pprof_out_hndl                        
ffffffff  __TI_prof_data_size                        
ffffffff  __TI_prof_data_start                       
ffffffff  __c_args__                                 

[2345 symbols]
